<html>
<body>
<pre>
<h1>礦ision Build Log</h1>
<h2>Tool Versions:</h2>
IDE-Version: μVision V5.15
Copyright (C) 2015 ARM Ltd and ARM Germany GmbH. All rights reserved.
License Information: niu Administrator, eee, LIC=8VR9U-SM88V-LCRJF-6YHNX-S04Q1-CNNPL
 
Tool Versions:
Toolchain:       MDK-ARM Standard  Version: 5.15.0
Toolchain Path:  C:\Keil_v5\ARM\ARMCC\Bin
C Compiler:      Armcc.exe V5.05 update 2 (build 169)
Assembler:       Armasm.exe V5.05 update 2 (build 169)
Linker/Locator:  ArmLink.exe V5.05 update 2 (build 169)
Library Manager: ArmAr.exe V5.05 update 2 (build 169)
Hex Converter:   FromElf.exe V5.05 update 2 (build 169)
CPU DLL:         SARMCM3.DLL V5.15.0
Dialog DLL:      DARMSTM.DLL V1.65.0.0
Target DLL:      Segger\JL2CM3.dll V2.99.15.0
Dialog DLL:      TARMSTM.DLL V1.64.0.0
 
<h2>Project:</h2>
C:\Users\Administrator\Desktop\gitlab2\新建文件夹\test_boot2\USER\bootload.uvprojx
Project File Date:  06/28/2018

<h2>Output:</h2>
*** Using Compiler 'V5.05 update 2 (build 169)', folder: 'C:\Keil_v5\ARM\ARMCC\Bin'
Build target 'bootload'
compiling main.c...
main.c(33): warning:  #550-D: variable "key" was set but never used
        u8 key = 0;
main.c(34): warning:  #177-D: variable "digest_test" was declared but never referenced
        unsigned char digest_test[16]={0};
main.c(115): warning:  #177-D: variable "file4" was declared but never referenced
        FIL *file4;//     
main.c(116): warning:  #177-D: variable "res2" was declared but never referenced
        u8 res,res2,res3,i,n4;
main.c(116): warning:  #550-D: variable "res3" was set but never used
        u8 res,res2,res3,i,n4;
main.c(116): warning:  #177-D: variable "i" was declared but never referenced
        u8 res,res2,res3,i,n4;
main.c(116): warning:  #177-D: variable "n4" was declared but never referenced
        u8 res,res2,res3,i,n4;
main.c(138): warning:  #177-D: variable "i" was declared but never referenced
        u8 res,i,n4;
main.c(138): warning:  #550-D: variable "n4" was set but never used
        u8 res,i,n4;
main.c(161): warning:  #177-D: variable "res2" was declared but never referenced
        u8 res,res2,res3,i,n4;
main.c(161): warning:  #550-D: variable "res3" was set but never used
        u8 res,res2,res3,i,n4;
main.c(161): warning:  #177-D: variable "i" was declared but never referenced
        u8 res,res2,res3,i,n4;
main.c(161): warning:  #177-D: variable "n4" was declared but never referenced
        u8 res,res2,res3,i,n4;
main.c: 13 warnings, 0 errors
linking...
Program Size: Code=28080 RO-data=1544 RW-data=620 ZI-data=1095556  
FromELF: creating hex file...
After Build - User command #1: C:\Keil_v5\ARM\ARMCC\bin\fromelf.exe --bin --output ../OBJ/bootload.bin ../OBJ/bootload.axf
"..\OBJ\bootload.axf" - 0 Error(s), 13 Warning(s).

<h2>Collection of Component include folders:</h2>
  C:\Users\Administrator\Desktop\gitlab2\新建文件夹\test_boot2\USER\RTE
  C:\Keil_v5\ARM\PACK\Keil\STM32F1xx_DFP\2.0.0\Device\Include

<h2>Collection of Component Files used:</h2>
</pre>
</body>
</html>
