<html>
<body>
<pre>
<h1>µVision Build Log</h1>
<h2>Tool Versions:</h2>
IDE-Version: ¦ÌVision V5.15
Copyright (C) 2015 ARM Ltd and ARM Germany GmbH. All rights reserved.
License Information: niu Administrator, eee, LIC=8VR9U-SM88V-LCRJF-6YHNX-S04Q1-CNNPL
 
Tool Versions:
Toolchain:       MDK-ARM Standard  Version: 5.15.0
Toolchain Path:  C:\Keil_v5\ARM\ARMCC\Bin
C Compiler:      Armcc.exe V5.05 update 2 (build 169)
Assembler:       Armasm.exe V5.05 update 2 (build 169)
Linker/Locator:  ArmLink.exe V5.05 update 2 (build 169)
Library Manager: ArmAr.exe V5.05 update 2 (build 169)
Hex Converter:   FromElf.exe V5.05 update 2 (build 169)
CPU DLL:         SARMCM3.DLL V5.15.0
Dialog DLL:      DARMSTM.DLL V1.65.0.0
Target DLL:      Segger\JL2CM3.dll V2.99.15.0
Dialog DLL:      TARMSTM.DLL V1.64.0.0
 
<h2>Project:</h2>
C:\Users\Administrator\Desktop\gitlab2\SmartCabinetv20_fixbug\USER\SmartCabinet.uvprojx
Project File Date:  04/04/2019

<h2>Output:</h2>
*** Using Compiler 'V5.05 update 2 (build 169)', folder: 'C:\Keil_v5\ARM\ARMCC\Bin'
Build target 'SmartCabinet'
compiling sensor.c...
..\LWIP\lwip_app\web_server_demo\httpd.h(257): warning:  #1295-D: Deprecated declaration post_read_flash_test - give arg types
  void post_read_flash_test();//??ini?Ä¼þ²???
..\HARDWARE\SENSOR\sensor.c: 1 warning, 0 errors
linking...
Program Size: Code=165166 RO-data=210718 RW-data=3676 ZI-data=1006836  
FromELF: creating hex file...
After Build - User command #1: C:\Keil_v5\ARM\ARMCC\bin\fromelf.exe --bin --output ../OBJ/SmartCabinet.bin ../OBJ/SmartCabinet.axf
"..\OBJ\SmartCabinet.axf" - 0 Error(s), 1 Warning(s).

<h2>Collection of Component include folders:</h2>
  C:\Users\Administrator\Desktop\gitlab2\SmartCabinetv20_fixbug\USER\RTE
  C:\Keil_v5\ARM\PACK\Keil\STM32F1xx_DFP\2.0.0\Device\Include

<h2>Collection of Component Files used:</h2>
</pre>
</body>
</html>
