<html>
<body>
<pre>
<h1>µVision Build Log</h1>
<h2>Tool Versions:</h2>
IDE-Version: ¦ÌVision V5.15
Copyright (C) 2015 ARM Ltd and ARM Germany GmbH. All rights reserved.
License Information: niu Administrator, eee, LIC=8VR9U-SM88V-LCRJF-6YHNX-S04Q1-CNNPL
 
Tool Versions:
Toolchain:       MDK-ARM Standard  Version: 5.15.0
Toolchain Path:  C:\Keil_v5\ARM\ARMCC\Bin
C Compiler:      Armcc.exe V5.05 update 2 (build 169)
Assembler:       Armasm.exe V5.05 update 2 (build 169)
Linker/Locator:  ArmLink.exe V5.05 update 2 (build 169)
Library Manager: ArmAr.exe V5.05 update 2 (build 169)
Hex Converter:   FromElf.exe V5.05 update 2 (build 169)
CPU DLL:         SARMCM3.DLL V5.15.0
Dialog DLL:      DARMSTM.DLL V1.65.0.0
Target DLL:      Segger\JL2CM3.dll V2.99.15.0
Dialog DLL:      TARMSTM.DLL V1.64.0.0
 
<h2>Project:</h2>
C:\Users\Administrator\Desktop\gitlab2\SmartCabinetv20_fixbug\USER\SmartCabinet.uvprojx
Project File Date:  01/03/2019

<h2>Output:</h2>
*** Using Compiler 'V5.05 update 2 (build 169)', folder: 'C:\Keil_v5\ARM\ARMCC\Bin'
Build target 'SmartCabinet'
compiling trap.c...
..\HARDWARE\snmp\trap.c(29): warning:  #1295-D: Deprecated declaration getNextFreePrivateTrapList - give arg types
  struct trap_list * getNextFreePrivateTrapList();
..\HARDWARE\snmp\trap.c(42): warning:  #177-D: variable "msg_vol" was declared but never referenced
        char msg_vol[5],msg_cur[5];
..\HARDWARE\snmp\trap.c(42): warning:  #177-D: variable "msg_cur" was declared but never referenced
        char msg_vol[5],msg_cur[5];
..\HARDWARE\snmp\trap.c(48): warning:  #177-D: variable "objid_vol" was declared but never referenced
        struct snmp_obj_id objid_vol = {10, {1,3,6,1,4,1,1,1,1}};       
..\HARDWARE\snmp\trap.c(49): warning:  #177-D: variable "objid_cur" was declared but never referenced
        struct snmp_obj_id objid_cur = {10, {1,3,6,1,4,1,1,1,2}};
..\HARDWARE\snmp\trap.c(50): warning:  #177-D: variable "objid_tem" was declared but never referenced
        struct snmp_obj_id objid_tem = {10, {1,3,6,1,4,1,1,1,3}};       
..\HARDWARE\snmp\trap.c(51): warning:  #177-D: variable "objid_hum" was declared but never referenced
        struct snmp_obj_id objid_hum = {10, {1,3,6,1,4,1,1,1,4}};
..\HARDWARE\snmp\trap.c(52): warning:  #177-D: variable "objid_water" was declared but never referenced
        struct snmp_obj_id objid_water = {10, {1,3,6,1,4,1,1,1,5}};     
..\HARDWARE\snmp\trap.c(53): warning:  #177-D: variable "objid_door" was declared but never referenced
        struct snmp_obj_id objid_door = {10, {1,3,6,1,4,1,1,1,6}};      
..\HARDWARE\snmp\trap.c(55): warning:  #177-D: variable "objid_bak12" was declared but never referenced
        struct snmp_obj_id objid_bak12 = {10, {1,3,6,1,4,1,1,1,8}};     
..\HARDWARE\snmp\trap.c(56): warning:  #177-D: variable "objid_ups" was declared but never referenced
        struct snmp_obj_id objid_ups= {10, {1,3,6,1,4,1,1,1,9}};
..\HARDWARE\snmp\trap.c(57): warning:  #177-D: variable "objid_ac24" was declared but never referenced
        struct snmp_obj_id objid_ac24 = {10, {1,3,6,1,4,1,1,1,10}};     
..\HARDWARE\snmp\trap.c(58): warning:  #177-D: variable "objid_ac1" was declared but never referenced
        struct snmp_obj_id objid_ac1= {10, {1,3,6,1,4,1,1,1,11}};
..\HARDWARE\snmp\trap.c(59): warning:  #177-D: variable "objid_ac2" was declared but never referenced
        struct snmp_obj_id objid_ac2 = {10, {1,3,6,1,4,1,1,1,12}};      
..\HARDWARE\snmp\trap.c(60): warning:  #177-D: variable "objid_ac3" was declared but never referenced
        struct snmp_obj_id objid_ac3= {10, {1,3,6,1,4,1,1,1,13}};       
..\HARDWARE\snmp\trap.c(62): warning:  #177-D: variable "objid_fan" was declared but never referenced
        struct snmp_obj_id objid_fan= {10, {1,3,6,1,4,1,1,1,14}};
..\HARDWARE\snmp\trap.c(63): warning:  #177-D: variable "objid_alarm" was declared but never referenced
        struct snmp_obj_id objid_alarm = {10, {1,3,6,1,4,1,1,1,15}};    
..\HARDWARE\snmp\trap.c(64): warning:  #177-D: variable "objid_light" was declared but never referenced
        struct snmp_obj_id objid_light= {10, {1,3,6,1,4,1,1,1,16}};     
..\HARDWARE\snmp\trap.c(66): warning:  #177-D: variable "objid_heat" was declared but never referenced
        struct snmp_obj_id objid_heat= {10, {1,3,6,1,4,1,1,1,17}};
..\HARDWARE\snmp\trap.c(67): warning:  #177-D: variable "objid_dc1" was declared but never referenced
        struct snmp_obj_id objid_dc1= {10, {1,3,6,1,4,1,1,1,18}};
..\HARDWARE\snmp\trap.c(68): warning:  #177-D: variable "objid_dc2" was declared but never referenced
        struct snmp_obj_id objid_dc2 = {10, {1,3,6,1,4,1,1,1,19}};      
..\HARDWARE\snmp\trap.c(69): warning:  #177-D: variable "objid_dc3" was declared but never referenced
        struct snmp_obj_id objid_dc3= {10, {1,3,6,1,4,1,1,1,20}};
..\HARDWARE\snmp\trap.c(70): warning:  #177-D: variable "objid_dc4" was declared but never referenced
    struct snmp_obj_id objid_dc4= {10, {1,3,6,1,4,1,1,1,21}};
..\HARDWARE\snmp\trap.c: 23 warnings, 0 errors
linking...
Program Size: Code=167070 RO-data=212062 RW-data=3676 ZI-data=1006956  
FromELF: creating hex file...
After Build - User command #1: C:\Keil_v5\ARM\ARMCC\bin\fromelf.exe --bin --output ../OBJ/SmartCabinet.bin ../OBJ/SmartCabinet.axf
"..\OBJ\SmartCabinet.axf" - 0 Error(s), 23 Warning(s).

<h2>Collection of Component include folders:</h2>
  C:\Users\Administrator\Desktop\gitlab2\SmartCabinetv20_fixbug\USER\RTE
  C:\Keil_v5\ARM\PACK\Keil\STM32F1xx_DFP\2.0.0\Device\Include

<h2>Collection of Component Files used:</h2>
</pre>
</body>
</html>
