<!doctype html public "-//w3c//dtd html 4.0 transitional//en">
<html><head>
<title>Static Call Graph - [..\OBJ\SmartCabinet.axf]</title></head>
<body><HR>
<H1>Static Call Graph for image ..\OBJ\SmartCabinet.axf</H1><HR>
<BR><P>#&#060CALLGRAPH&#062# ARM Linker, 5050169: Last Updated: Wed Jan 02 13:36:43 2019
<BR><P>
<H3>Maximum Stack Usage =       2824 bytes + Unknown(Functions without stacksize, Cycles, Untraceable Function Pointers)</H3><H3>
Call chain for Maximum Stack Depth:</H3>
MqttTask &rArr; MQTTMsgPublish &rArr; WaitForPacket &rArr; mqtt_pktype_ctl &rArr; UserMsgCtl &rArr; ISIP &rArr; ini_puts &rArr; getkeystring &rArr; f_gets &rArr; f_read &rArr; get_fat &rArr; move_window &rArr; sync_window &rArr; disk_write &rArr; SD_Initialize &rArr; SD_SendCmd &rArr; SD_Select &rArr; SD_WaitReady &rArr; delay_ms &rArr; vTaskDelay &rArr; xTaskResumeAll &rArr; xTaskIncrementTick &rArr; __2printf &rArr; _printf_char_file &rArr; _printf_char_common &rArr; __printf
<P>
<H3>
Functions with no stack information
</H3><UL>
 <LI><a href="#[139]">__user_initial_stackheap</a>
</UL>
</UL>
<P>
<H3>
Mutually Recursive functions
</H3> <LI><a href="#[46]">ADC1_2_IRQHandler</a>&nbsp;&nbsp;&nbsp;&rArr;&nbsp;&nbsp;&nbsp;<a href="#[46]">ADC1_2_IRQHandler</a><BR>
</UL>
<P>
<H3>
Function Pointers
</H3><UL>
 <LI><a href="#[46]">ADC1_2_IRQHandler</a> from startup_stm32f10x_hd.o(.text) referenced from startup_stm32f10x_hd.o(RESET)
 <LI><a href="#[63]">ADC3_IRQHandler</a> from startup_stm32f10x_hd.o(.text) referenced from startup_stm32f10x_hd.o(RESET)
 <LI><a href="#[ae]">BEEP_CGI_Handler</a> from httpd_cgi_ssi.o(i.BEEP_CGI_Handler) referenced from httpd_cgi_ssi.o(.constdata)
 <LI><a href="#[2e]">BusFault_Handler</a> from stm32f10x_it.o(i.BusFault_Handler) referenced from startup_stm32f10x_hd.o(RESET)
 <LI><a href="#[49]">CAN1_RX1_IRQHandler</a> from startup_stm32f10x_hd.o(.text) referenced from startup_stm32f10x_hd.o(RESET)
 <LI><a href="#[4a]">CAN1_SCE_IRQHandler</a> from startup_stm32f10x_hd.o(.text) referenced from startup_stm32f10x_hd.o(RESET)
 <LI><a href="#[3f]">DMA1_Channel1_IRQHandler</a> from startup_stm32f10x_hd.o(.text) referenced from startup_stm32f10x_hd.o(RESET)
 <LI><a href="#[40]">DMA1_Channel2_IRQHandler</a> from startup_stm32f10x_hd.o(.text) referenced from startup_stm32f10x_hd.o(RESET)
 <LI><a href="#[41]">DMA1_Channel3_IRQHandler</a> from startup_stm32f10x_hd.o(.text) referenced from startup_stm32f10x_hd.o(RESET)
 <LI><a href="#[42]">DMA1_Channel4_IRQHandler</a> from startup_stm32f10x_hd.o(.text) referenced from startup_stm32f10x_hd.o(RESET)
 <LI><a href="#[43]">DMA1_Channel5_IRQHandler</a> from startup_stm32f10x_hd.o(.text) referenced from startup_stm32f10x_hd.o(RESET)
 <LI><a href="#[44]">DMA1_Channel6_IRQHandler</a> from startup_stm32f10x_hd.o(.text) referenced from startup_stm32f10x_hd.o(RESET)
 <LI><a href="#[45]">DMA1_Channel7_IRQHandler</a> from startup_stm32f10x_hd.o(.text) referenced from startup_stm32f10x_hd.o(RESET)
 <LI><a href="#[6c]">DMA2_Channel1_IRQHandler</a> from startup_stm32f10x_hd.o(.text) referenced from startup_stm32f10x_hd.o(RESET)
 <LI><a href="#[6d]">DMA2_Channel2_IRQHandler</a> from startup_stm32f10x_hd.o(.text) referenced from startup_stm32f10x_hd.o(RESET)
 <LI><a href="#[6e]">DMA2_Channel3_IRQHandler</a> from startup_stm32f10x_hd.o(.text) referenced from startup_stm32f10x_hd.o(RESET)
 <LI><a href="#[6f]">DMA2_Channel4_5_IRQHandler</a> from startup_stm32f10x_hd.o(.text) referenced from startup_stm32f10x_hd.o(RESET)
 <LI><a href="#[31]">DebugMon_Handler</a> from stm32f10x_it.o(i.DebugMon_Handler) referenced from startup_stm32f10x_hd.o(RESET)
 <LI><a href="#[3a]">EXTI0_IRQHandler</a> from startup_stm32f10x_hd.o(.text) referenced from startup_stm32f10x_hd.o(RESET)
 <LI><a href="#[5c]">EXTI15_10_IRQHandler</a> from startup_stm32f10x_hd.o(.text) referenced from startup_stm32f10x_hd.o(RESET)
 <LI><a href="#[3b]">EXTI1_IRQHandler</a> from startup_stm32f10x_hd.o(.text) referenced from startup_stm32f10x_hd.o(RESET)
 <LI><a href="#[3c]">EXTI2_IRQHandler</a> from startup_stm32f10x_hd.o(.text) referenced from startup_stm32f10x_hd.o(RESET)
 <LI><a href="#[3d]">EXTI3_IRQHandler</a> from startup_stm32f10x_hd.o(.text) referenced from startup_stm32f10x_hd.o(RESET)
 <LI><a href="#[3e]">EXTI4_IRQHandler</a> from startup_stm32f10x_hd.o(.text) referenced from startup_stm32f10x_hd.o(RESET)
 <LI><a href="#[4b]">EXTI9_5_IRQHandler</a> from dm9000.o(i.EXTI9_5_IRQHandler) referenced from startup_stm32f10x_hd.o(RESET)
 <LI><a href="#[38]">FLASH_IRQHandler</a> from startup_stm32f10x_hd.o(.text) referenced from startup_stm32f10x_hd.o(RESET)
 <LI><a href="#[64]">FSMC_IRQHandler</a> from startup_stm32f10x_hd.o(.text) referenced from startup_stm32f10x_hd.o(RESET)
 <LI><a href="#[7a]">Get_Max_Lun</a> from usb_prop.o(i.Get_Max_Lun) referenced from usb_prop.o(i.MASS_Data_Setup)
 <LI><a href="#[2c]">HardFault_Handler</a> from stm32f10x_it.o(i.HardFault_Handler) referenced from startup_stm32f10x_hd.o(RESET)
 <LI><a href="#[54]">I2C1_ER_IRQHandler</a> from startup_stm32f10x_hd.o(.text) referenced from startup_stm32f10x_hd.o(RESET)
 <LI><a href="#[53]">I2C1_EV_IRQHandler</a> from startup_stm32f10x_hd.o(.text) referenced from startup_stm32f10x_hd.o(RESET)
 <LI><a href="#[56]">I2C2_ER_IRQHandler</a> from startup_stm32f10x_hd.o(.text) referenced from startup_stm32f10x_hd.o(RESET)
 <LI><a href="#[55]">I2C2_EV_IRQHandler</a> from startup_stm32f10x_hd.o(.text) referenced from startup_stm32f10x_hd.o(RESET)
 <LI><a href="#[ad]">LEDS_CGI_Handler</a> from httpd_cgi_ssi.o(i.LEDS_CGI_Handler) referenced from httpd_cgi_ssi.o(.constdata)
 <LI><a href="#[c]">MASS_Data_Setup</a> from usb_prop.o(i.MASS_Data_Setup) referenced 2 times from usb_prop.o(.data)
 <LI><a href="#[10]">MASS_GetConfigDescriptor</a> from usb_prop.o(i.MASS_GetConfigDescriptor) referenced 2 times from usb_prop.o(.data)
 <LI><a href="#[f]">MASS_GetDeviceDescriptor</a> from usb_prop.o(i.MASS_GetDeviceDescriptor) referenced 2 times from usb_prop.o(.data)
 <LI><a href="#[11]">MASS_GetStringDescriptor</a> from usb_prop.o(i.MASS_GetStringDescriptor) referenced 2 times from usb_prop.o(.data)
 <LI><a href="#[e]">MASS_Get_Interface_Setting</a> from usb_prop.o(i.MASS_Get_Interface_Setting) referenced 2 times from usb_prop.o(.data)
 <LI><a href="#[d]">MASS_NoData_Setup</a> from usb_prop.o(i.MASS_NoData_Setup) referenced 2 times from usb_prop.o(.data)
 <LI><a href="#[9]">MASS_Reset</a> from usb_prop.o(i.MASS_Reset) referenced 2 times from usb_prop.o(.data)
 <LI><a href="#[a]">MASS_Status_In</a> from usb_prop.o(i.MASS_Status_In) referenced 2 times from usb_prop.o(.data)
 <LI><a href="#[b]">MASS_Status_Out</a> from usb_prop.o(i.MASS_Status_Out) referenced 2 times from usb_prop.o(.data)
 <LI><a href="#[8]">MASS_init</a> from usb_prop.o(i.MASS_init) referenced 2 times from usb_prop.o(.data)
 <LI><a href="#[8c]">MainTask</a> from main.o(i.MainTask) referenced from main.o(i.main)
 <LI><a href="#[13]">Mass_Storage_ClearFeature</a> from usb_prop.o(i.Mass_Storage_ClearFeature) referenced 2 times from usb_prop.o(.data)
 <LI><a href="#[5]">Mass_Storage_In</a> from usb_bot.o(i.Mass_Storage_In) referenced 2 times from usb_istr.o(.data)
 <LI><a href="#[7]">Mass_Storage_Out</a> from usb_bot.o(i.Mass_Storage_Out) referenced 2 times from usb_istr.o(.data)
 <LI><a href="#[12]">Mass_Storage_SetConfiguration</a> from usb_prop.o(i.Mass_Storage_SetConfiguration) referenced 2 times from usb_prop.o(.data)
 <LI><a href="#[14]">Mass_Storage_SetDeviceAddress</a> from usb_prop.o(i.Mass_Storage_SetDeviceAddress) referenced 2 times from usb_prop.o(.data)
 <LI><a href="#[2d]">MemManage_Handler</a> from stm32f10x_it.o(i.MemManage_Handler) referenced from startup_stm32f10x_hd.o(RESET)
 <LI><a href="#[8e]">MqttTask</a> from mqtt.o(i.MqttTask) referenced from main.o(i.main)
 <LI><a href="#[2b]">NMI_Handler</a> from stm32f10x_it.o(i.NMI_Handler) referenced from startup_stm32f10x_hd.o(RESET)
 <LI><a href="#[6]">NOP_Process</a> from usb_core.o(i.NOP_Process) referenced 36 times from usb_istr.o(.data)
 <LI><a href="#[35]">PVD_IRQHandler</a> from startup_stm32f10x_hd.o(.text) referenced from startup_stm32f10x_hd.o(RESET)
 <LI><a href="#[32]">PendSV_Handler</a> from port.o(.emb_text) referenced from startup_stm32f10x_hd.o(RESET)
 <LI><a href="#[39]">RCC_IRQHandler</a> from startup_stm32f10x_hd.o(.text) referenced from startup_stm32f10x_hd.o(RESET)
 <LI><a href="#[5d]">RTCAlarm_IRQHandler</a> from startup_stm32f10x_hd.o(.text) referenced from startup_stm32f10x_hd.o(RESET)
 <LI><a href="#[37]">RTC_IRQHandler</a> from rtc.o(i.RTC_IRQHandler) referenced from startup_stm32f10x_hd.o(RESET)
 <LI><a href="#[2a]">Reset_Handler</a> from startup_stm32f10x_hd.o(.text) referenced from startup_stm32f10x_hd.o(RESET)
 <LI><a href="#[65]">SDIO_IRQHandler</a> from sdio_sdcard.o(i.SDIO_IRQHandler) referenced from startup_stm32f10x_hd.o(RESET)
 <LI><a href="#[57]">SPI1_IRQHandler</a> from spi1.o(i.SPI1_IRQHandler) referenced from startup_stm32f10x_hd.o(RESET)
 <LI><a href="#[58]">SPI2_IRQHandler</a> from startup_stm32f10x_hd.o(.text) referenced from startup_stm32f10x_hd.o(RESET)
 <LI><a href="#[67]">SPI3_IRQHandler</a> from startup_stm32f10x_hd.o(.text) referenced from startup_stm32f10x_hd.o(RESET)
 <LI><a href="#[85]">SSIHandler</a> from httpd_cgi_ssi.o(i.SSIHandler) referenced from httpd_cgi_ssi.o(i.httpd_ssi_init)
 <LI><a href="#[30]">SVC_Handler</a> from port.o(.emb_text) referenced from startup_stm32f10x_hd.o(RESET)
 <LI><a href="#[78]">Standard_GetConfiguration</a> from usb_core.o(i.Standard_GetConfiguration) referenced from usb_core.o(i.Data_Setup0)
 <LI><a href="#[79]">Standard_GetInterface</a> from usb_core.o(i.Standard_GetInterface) referenced from usb_core.o(i.Data_Setup0)
 <LI><a href="#[77]">Standard_GetStatus</a> from usb_core.o(i.Standard_GetStatus) referenced from usb_core.o(i.Data_Setup0)
 <LI><a href="#[33]">SysTick_Handler</a> from delay.o(i.SysTick_Handler) referenced from startup_stm32f10x_hd.o(RESET)
 <LI><a href="#[70]">SystemInit</a> from system_stm32f10x.o(i.SystemInit) referenced from startup_stm32f10x_hd.o(.text)
 <LI><a href="#[36]">TAMPER_IRQHandler</a> from startup_stm32f10x_hd.o(.text) referenced from startup_stm32f10x_hd.o(RESET)
 <LI><a href="#[4c]">TIM1_BRK_IRQHandler</a> from startup_stm32f10x_hd.o(.text) referenced from startup_stm32f10x_hd.o(RESET)
 <LI><a href="#[4f]">TIM1_CC_IRQHandler</a> from startup_stm32f10x_hd.o(.text) referenced from startup_stm32f10x_hd.o(RESET)
 <LI><a href="#[4e]">TIM1_TRG_COM_IRQHandler</a> from startup_stm32f10x_hd.o(.text) referenced from startup_stm32f10x_hd.o(RESET)
 <LI><a href="#[4d]">TIM1_UP_IRQHandler</a> from startup_stm32f10x_hd.o(.text) referenced from startup_stm32f10x_hd.o(RESET)
 <LI><a href="#[50]">TIM2_IRQHandler</a> from startup_stm32f10x_hd.o(.text) referenced from startup_stm32f10x_hd.o(RESET)
 <LI><a href="#[51]">TIM3_IRQHandler</a> from timer.o(i.TIM3_IRQHandler) referenced from startup_stm32f10x_hd.o(RESET)
 <LI><a href="#[52]">TIM4_IRQHandler</a> from startup_stm32f10x_hd.o(.text) referenced from startup_stm32f10x_hd.o(RESET)
 <LI><a href="#[66]">TIM5_IRQHandler</a> from timer.o(i.TIM5_IRQHandler) referenced from startup_stm32f10x_hd.o(RESET)
 <LI><a href="#[6a]">TIM6_IRQHandler</a> from startup_stm32f10x_hd.o(.text) referenced from startup_stm32f10x_hd.o(RESET)
 <LI><a href="#[6b]">TIM7_IRQHandler</a> from startup_stm32f10x_hd.o(.text) referenced from startup_stm32f10x_hd.o(RESET)
 <LI><a href="#[5f]">TIM8_BRK_IRQHandler</a> from startup_stm32f10x_hd.o(.text) referenced from startup_stm32f10x_hd.o(RESET)
 <LI><a href="#[62]">TIM8_CC_IRQHandler</a> from startup_stm32f10x_hd.o(.text) referenced from startup_stm32f10x_hd.o(RESET)
 <LI><a href="#[61]">TIM8_TRG_COM_IRQHandler</a> from startup_stm32f10x_hd.o(.text) referenced from startup_stm32f10x_hd.o(RESET)
 <LI><a href="#[60]">TIM8_UP_IRQHandler</a> from startup_stm32f10x_hd.o(.text) referenced from startup_stm32f10x_hd.o(RESET)
 <LI><a href="#[8d]">TickTask</a> from main.o(i.TickTask) referenced from main.o(i.main)
 <LI><a href="#[68]">UART4_IRQHandler</a> from usart4.o(i.UART4_IRQHandler) referenced from startup_stm32f10x_hd.o(RESET)
 <LI><a href="#[69]">UART5_IRQHandler</a> from startup_stm32f10x_hd.o(.text) referenced from startup_stm32f10x_hd.o(RESET)
 <LI><a href="#[59]">USART1_IRQHandler</a> from usart1.o(i.USART1_IRQHandler) referenced from startup_stm32f10x_hd.o(RESET)
 <LI><a href="#[5a]">USART2_IRQHandler</a> from usart2.o(i.USART2_IRQHandler) referenced from startup_stm32f10x_hd.o(RESET)
 <LI><a href="#[5b]">USART3_IRQHandler</a> from usart3.o(i.USART3_IRQHandler) referenced from startup_stm32f10x_hd.o(RESET)
 <LI><a href="#[5e]">USBWakeUp_IRQHandler</a> from startup_stm32f10x_hd.o(.text) referenced from startup_stm32f10x_hd.o(RESET)
 <LI><a href="#[47]">USB_HP_CAN1_TX_IRQHandler</a> from hw_config.o(i.USB_HP_CAN1_TX_IRQHandler) referenced from startup_stm32f10x_hd.o(RESET)
 <LI><a href="#[48]">USB_LP_CAN1_RX0_IRQHandler</a> from hw_config.o(i.USB_LP_CAN1_RX0_IRQHandler) referenced from startup_stm32f10x_hd.o(RESET)
 <LI><a href="#[2f]">UsageFault_Handler</a> from stm32f10x_it.o(i.UsageFault_Handler) referenced from startup_stm32f10x_hd.o(RESET)
 <LI><a href="#[8b]">UsbTask</a> from sensor.o(i.UsbTask) referenced from main.o(i.main)
 <LI><a href="#[34]">WWDG_IRQHandler</a> from startup_stm32f10x_hd.o(.text) referenced from startup_stm32f10x_hd.o(RESET)
 <LI><a href="#[c6]">__main</a> from __main.o(!!!main) referenced from startup_stm32f10x_hd.o(.text)
 <LI><a href="#[74]">_get_lc_ctype</a> from lc_ctype_c.o(locale$$code) referenced from rt_ctype_table.o(.text)
 <LI><a href="#[75]">_printf_input_char</a> from _printf_char_common.o(.text) referenced from _printf_char_common.o(.text)
 <LI><a href="#[73]">_snputc</a> from _snputc.o(.text) referenced 2 times from c89vsnprintf.o(.text)
 <LI><a href="#[72]">_sputc</a> from _sputc.o(.text) referenced 2 times from c89vsprintf.o(.text)
 <LI><a href="#[7d]">arp_timer</a> from timers_1.o(i.arp_timer) referenced from timers_1.o(i.arp_timer)
 <LI><a href="#[7d]">arp_timer</a> from timers_1.o(i.arp_timer) referenced from timers_1.o(i.sys_timeouts_init)
 <LI><a href="#[97]">atentry_get_object_def</a> from mib2.o(i.atentry_get_object_def) referenced from mib2.o(i.snmp_insert_arpidx_tree)
 <LI><a href="#[98]">atentry_get_value</a> from mib2.o(i.atentry_get_value) referenced from mib2.o(i.snmp_insert_arpidx_tree)
 <LI><a href="#[7c]">bufchar</a> from mqttpacket.o(i.bufchar) referenced from mqttpacket.o(i.MQTTPacket_decodeBuf)
 <LI><a href="#[90]">camera_task</a> from camera.o(i.camera_task) referenced from main.o(i.main)
 <LI><a href="#[c2]">emmp_get_object_def</a> from lwip_prvmib.o(i.emmp_get_object_def) referenced 3 times from lwip_prvmib.o(.constdata)
 <LI><a href="#[c3]">emmp_get_value</a> from lwip_prvmib.o(i.emmp_get_value) referenced 3 times from lwip_prvmib.o(.constdata)
 <LI><a href="#[c4]">emmp_set_test</a> from lwip_prvmib.o(i.emmp_set_test) referenced 3 times from lwip_prvmib.o(.constdata)
 <LI><a href="#[c5]">emmp_set_value</a> from lwip_prvmib.o(i.emmp_set_value) referenced 3 times from lwip_prvmib.o(.constdata)
 <LI><a href="#[7e]">etharp_output</a> from etharp.o(i.etharp_output) referenced from ethernetif.o(i.ethernetif_init)
 <LI><a href="#[88]">ethernet_input</a> from etharp.o(i.ethernet_input) referenced from lwip_comm.o(i.lwip_comm_init)
 <LI><a href="#[89]">ethernetif_init</a> from ethernetif.o(i.ethernetif_init) referenced from lwip_comm.o(i.lwip_comm_init)
 <LI><a href="#[76]">fputc</a> from usart1.o(i.fputc) referenced from _printf_char_file.o(.text)
 <LI><a href="#[7b]">getMQTTData</a> from usart2.o(i.getMQTTData) referenced from mqtt.o(i.MQTTClientInit)
 <LI><a href="#[7b]">getMQTTData</a> from usart2.o(i.getMQTTData) referenced from mqtt.o(i.MQTTSubscribe)
 <LI><a href="#[7b]">getMQTTData</a> from usart2.o(i.getMQTTData) referenced from mqtt.o(i.MqttTask)
 <LI><a href="#[7b]">getMQTTData</a> from usart2.o(i.getMQTTData) referenced from mqtt.o(i.WaitForPacket)
 <LI><a href="#[7b]">getMQTTData</a> from usart2.o(i.getMQTTData) referenced from mqtt.o(i.my_mqtt_send_pingreq)
 <LI><a href="#[84]">http_accept</a> from httpd.o(i.http_accept) referenced from httpd.o(i.httpd_init_addr)
 <LI><a href="#[81]">http_err</a> from httpd.o(i.http_err) referenced from httpd.o(i.http_accept)
 <LI><a href="#[82]">http_poll</a> from httpd.o(i.http_poll) referenced from httpd.o(i.http_accept)
 <LI><a href="#[82]">http_poll</a> from httpd.o(i.http_poll) referenced from httpd.o(i.http_close_conn)
 <LI><a href="#[80]">http_recv</a> from httpd.o(i.http_recv) referenced from httpd.o(i.http_accept)
 <LI><a href="#[83]">http_sent</a> from httpd.o(i.http_sent) referenced from httpd.o(i.http_accept)
 <LI><a href="#[8f]">iap_task</a> from httpd.o(i.iap_task) referenced from main.o(i.main)
 <LI><a href="#[b7]">icmp_get_object_def</a> from mib2.o(i.icmp_get_object_def) referenced from mib2.o(.constdata)
 <LI><a href="#[b8]">icmp_get_value</a> from mib2.o(i.icmp_get_value) referenced from mib2.o(.constdata)
 <LI><a href="#[19]">ifentry_get_object_def</a> from mib2.o(i.ifentry_get_object_def) referenced 2 times from mib2.o(.data)
 <LI><a href="#[1a]">ifentry_get_value</a> from mib2.o(i.ifentry_get_value) referenced 2 times from mib2.o(.data)
 <LI><a href="#[bc]">interfaces_get_object_def</a> from mib2.o(i.interfaces_get_object_def) referenced from mib2.o(.constdata)
 <LI><a href="#[bd]">interfaces_get_value</a> from mib2.o(i.interfaces_get_value) referenced from mib2.o(.constdata)
 <LI><a href="#[9b]">ip_addrentry_get_object_def</a> from mib2.o(i.ip_addrentry_get_object_def) referenced from mib2.o(i.snmp_insert_ipaddridx_tree)
 <LI><a href="#[9c]">ip_addrentry_get_value</a> from mib2.o(i.ip_addrentry_get_value) referenced from mib2.o(i.snmp_insert_ipaddridx_tree)
 <LI><a href="#[b9]">ip_get_object_def</a> from mib2.o(i.ip_get_object_def) referenced from mib2.o(.constdata)
 <LI><a href="#[ba]">ip_get_value</a> from mib2.o(i.ip_get_value) referenced from mib2.o(.constdata)
 <LI><a href="#[99]">ip_ntomentry_get_object_def</a> from mib2.o(i.ip_ntomentry_get_object_def) referenced from mib2.o(i.snmp_insert_arpidx_tree)
 <LI><a href="#[9a]">ip_ntomentry_get_value</a> from mib2.o(i.ip_ntomentry_get_value) referenced from mib2.o(i.snmp_insert_arpidx_tree)
 <LI><a href="#[87]">ip_reass_timer</a> from timers_1.o(i.ip_reass_timer) referenced from timers_1.o(i.ip_reass_timer)
 <LI><a href="#[87]">ip_reass_timer</a> from timers_1.o(i.ip_reass_timer) referenced from timers_1.o(i.sys_timeouts_init)
 <LI><a href="#[9d]">ip_rteentry_get_object_def</a> from mib2.o(i.ip_rteentry_get_object_def) referenced from mib2.o(i.snmp_insert_iprteidx_tree)
 <LI><a href="#[9e]">ip_rteentry_get_value</a> from mib2.o(i.ip_rteentry_get_value) referenced from mib2.o(i.snmp_insert_iprteidx_tree)
 <LI><a href="#[bb]">ip_set_test</a> from mib2.o(i.ip_set_test) referenced from mib2.o(.constdata)
 <LI><a href="#[86]">ipfrag_free_pbuf_custom</a> from ip_frag.o(i.ipfrag_free_pbuf_custom) referenced from ip_frag.o(i.ip_frag)
 <LI><a href="#[7f]">low_level_output</a> from ethernetif.o(i.low_level_output) referenced from ethernetif.o(i.ethernetif_init)
 <LI><a href="#[15]">noleafs_get_object_def</a> from mib2.o(i.noleafs_get_object_def) referenced 28 times from mib2.o(.constdata)
 <LI><a href="#[15]">noleafs_get_object_def</a> from mib2.o(i.noleafs_get_object_def) referenced 32 times from mib2.o(.data)
 <LI><a href="#[15]">noleafs_get_object_def</a> from mib2.o(i.noleafs_get_object_def) referenced from mib_structs.o(i.snmp_mib_lrn_alloc)
 <LI><a href="#[16]">noleafs_get_value</a> from mib2.o(i.noleafs_get_value) referenced 28 times from mib2.o(.constdata)
 <LI><a href="#[16]">noleafs_get_value</a> from mib2.o(i.noleafs_get_value) referenced 32 times from mib2.o(.data)
 <LI><a href="#[16]">noleafs_get_value</a> from mib2.o(i.noleafs_get_value) referenced from mib_structs.o(i.snmp_mib_lrn_alloc)
 <LI><a href="#[17]">noleafs_set_test</a> from mib2.o(i.noleafs_set_test) referenced 32 times from mib2.o(.constdata)
 <LI><a href="#[17]">noleafs_set_test</a> from mib2.o(i.noleafs_set_test) referenced 34 times from mib2.o(.data)
 <LI><a href="#[17]">noleafs_set_test</a> from mib2.o(i.noleafs_set_test) referenced from mib2.o(i.snmp_insert_arpidx_tree)
 <LI><a href="#[17]">noleafs_set_test</a> from mib2.o(i.noleafs_set_test) referenced from mib2.o(i.snmp_insert_ipaddridx_tree)
 <LI><a href="#[17]">noleafs_set_test</a> from mib2.o(i.noleafs_set_test) referenced from mib2.o(i.snmp_insert_iprteidx_tree)
 <LI><a href="#[17]">noleafs_set_test</a> from mib2.o(i.noleafs_set_test) referenced from mib2.o(i.snmp_insert_udpidx_tree)
 <LI><a href="#[17]">noleafs_set_test</a> from mib2.o(i.noleafs_set_test) referenced from mib_structs.o(i.snmp_mib_lrn_alloc)
 <LI><a href="#[18]">noleafs_set_value</a> from mib2.o(i.noleafs_set_value) referenced 33 times from mib2.o(.constdata)
 <LI><a href="#[18]">noleafs_set_value</a> from mib2.o(i.noleafs_set_value) referenced 34 times from mib2.o(.data)
 <LI><a href="#[18]">noleafs_set_value</a> from mib2.o(i.noleafs_set_value) referenced from mib2.o(i.snmp_insert_arpidx_tree)
 <LI><a href="#[18]">noleafs_set_value</a> from mib2.o(i.noleafs_set_value) referenced from mib2.o(i.snmp_insert_ipaddridx_tree)
 <LI><a href="#[18]">noleafs_set_value</a> from mib2.o(i.noleafs_set_value) referenced from mib2.o(i.snmp_insert_iprteidx_tree)
 <LI><a href="#[18]">noleafs_set_value</a> from mib2.o(i.noleafs_set_value) referenced from mib2.o(i.snmp_insert_udpidx_tree)
 <LI><a href="#[18]">noleafs_set_value</a> from mib2.o(i.noleafs_set_value) referenced from mib_structs.o(i.snmp_mib_lrn_alloc)
 <LI><a href="#[93]">ping_task</a> from sensor.o(i.ping_task) referenced from main.o(i.main)
 <LI><a href="#[ab]">prvIdleTask</a> from tasks.o(i.prvIdleTask) referenced from tasks.o(i.vTaskStartScheduler)
 <LI><a href="#[95]">prvTaskExitError</a> from port.o(i.prvTaskExitError) referenced from port.o(i.pxPortInitialiseStack)
 <LI><a href="#[ac]">prvTimerTask</a> from timers.o(i.prvTimerTask) referenced from timers.o(i.xTimerCreateTimerTask)
 <LI><a href="#[92]">sd_task</a> from sensor.o(i.sd_task) referenced from main.o(i.main)
 <LI><a href="#[22]">sensorentry_get_object_def_a</a> from lwip_prvmib.o(i.sensorentry_get_object_def_a) referenced 2 times from lwip_prvmib.o(.data)
 <LI><a href="#[26]">sensorentry_get_object_def_pc</a> from lwip_prvmib.o(i.sensorentry_get_object_def_pc) referenced 2 times from lwip_prvmib.o(.data)
 <LI><a href="#[1e]">sensorentry_get_object_def_q</a> from lwip_prvmib.o(i.sensorentry_get_object_def_q) referenced 2 times from lwip_prvmib.o(.data)
 <LI><a href="#[1d]">sensorentry_get_subid</a> from lwip_prvmib.o(i.sensorentry_get_subid) referenced 2 times from lwip_prvmib.o(.data)
 <LI><a href="#[23]">sensorentry_get_value_a</a> from lwip_prvmib.o(i.sensorentry_get_value_a) referenced 2 times from lwip_prvmib.o(.data)
 <LI><a href="#[27]">sensorentry_get_value_pc</a> from lwip_prvmib.o(i.sensorentry_get_value_pc) referenced 2 times from lwip_prvmib.o(.data)
 <LI><a href="#[1f]">sensorentry_get_value_q</a> from lwip_prvmib.o(i.sensorentry_get_value_q) referenced 2 times from lwip_prvmib.o(.data)
 <LI><a href="#[1c]">sensorentry_idcmp</a> from lwip_prvmib.o(i.sensorentry_idcmp) referenced 2 times from lwip_prvmib.o(.data)
 <LI><a href="#[1b]">sensorentry_length</a> from lwip_prvmib.o(i.sensorentry_length) referenced 2 times from lwip_prvmib.o(.data)
 <LI><a href="#[24]">sensorentry_set_test_a</a> from lwip_prvmib.o(i.sensorentry_set_test_a) referenced 2 times from lwip_prvmib.o(.data)
 <LI><a href="#[28]">sensorentry_set_test_pc</a> from lwip_prvmib.o(i.sensorentry_set_test_pc) referenced 2 times from lwip_prvmib.o(.data)
 <LI><a href="#[20]">sensorentry_set_test_q</a> from lwip_prvmib.o(i.sensorentry_set_test_q) referenced 2 times from lwip_prvmib.o(.data)
 <LI><a href="#[25]">sensorentry_set_value_a</a> from lwip_prvmib.o(i.sensorentry_set_value_a) referenced 2 times from lwip_prvmib.o(.data)
 <LI><a href="#[29]">sensorentry_set_value_pc</a> from lwip_prvmib.o(i.sensorentry_set_value_pc) referenced 2 times from lwip_prvmib.o(.data)
 <LI><a href="#[21]">sensorentry_set_value_q</a> from lwip_prvmib.o(i.sensorentry_set_value_q) referenced 2 times from lwip_prvmib.o(.data)
 <LI><a href="#[af]">snmp_get_object_def</a> from mib2.o(i.snmp_get_object_def) referenced from mib2.o(.constdata)
 <LI><a href="#[b0]">snmp_get_value</a> from mib2.o(i.snmp_get_value) referenced from mib2.o(.constdata)
 <LI><a href="#[96]">snmp_recv</a> from msg_in.o(i.snmp_recv) referenced from msg_in.o(i.snmp_init)
 <LI><a href="#[b1]">snmp_set_test</a> from mib2.o(i.snmp_set_test) referenced from mib2.o(.constdata)
 <LI><a href="#[b2]">snmp_set_value</a> from mib2.o(i.snmp_set_value) referenced from mib2.o(.constdata)
 <LI><a href="#[be]">system_get_object_def</a> from mib2.o(i.system_get_object_def) referenced 2 times from mib2.o(.constdata)
 <LI><a href="#[bf]">system_get_value</a> from mib2.o(i.system_get_value) referenced 2 times from mib2.o(.constdata)
 <LI><a href="#[c0]">system_set_test</a> from mib2.o(i.system_set_test) referenced 2 times from mib2.o(.constdata)
 <LI><a href="#[c1]">system_set_value</a> from mib2.o(i.system_set_value) referenced 2 times from mib2.o(.constdata)
 <LI><a href="#[a7]">tcp_accept_null</a> from tcp.o(i.tcp_accept_null) referenced from tcp.o(i.tcp_listen_with_backlog)
 <LI><a href="#[a6]">tcp_client_connected</a> from tcp_client_demo.o(i.tcp_client_connected) referenced from tcp_client_demo.o(i.tcp_client_test)
 <LI><a href="#[a3]">tcp_client_error</a> from tcp_client_demo.o(i.tcp_client_error) referenced from tcp_client_demo.o(i.tcp_client_connected)
 <LI><a href="#[a5]">tcp_client_poll</a> from tcp_client_demo.o(i.tcp_client_poll) referenced from tcp_client_demo.o(i.tcp_client_connected)
 <LI><a href="#[a2]">tcp_client_recv</a> from tcp_client_demo.o(i.tcp_client_recv) referenced from tcp_client_demo.o(i.tcp_client_connected)
 <LI><a href="#[a4]">tcp_client_sent</a> from tcp_client_demo.o(i.tcp_client_sent) referenced from tcp_client_demo.o(i.tcp_client_connected)
 <LI><a href="#[b5]">tcp_get_object_def</a> from mib2.o(i.tcp_get_object_def) referenced from mib2.o(.constdata)
 <LI><a href="#[b6]">tcp_get_value</a> from mib2.o(i.tcp_get_value) referenced from mib2.o(.constdata)
 <LI><a href="#[a1]">tcp_recv_null</a> from tcp.o(i.tcp_recv_null) referenced from tcp.o(i.tcp_alloc)
 <LI><a href="#[91]">tcp_task</a> from sensor.o(i.tcp_task) referenced from main.o(i.main)
 <LI><a href="#[a8]">tcpip_tcp_timer</a> from timers_1.o(i.tcpip_tcp_timer) referenced from timers_1.o(i.tcp_timer_needed)
 <LI><a href="#[a8]">tcpip_tcp_timer</a> from timers_1.o(i.tcpip_tcp_timer) referenced from timers_1.o(i.tcpip_tcp_timer)
 <LI><a href="#[8a]">tcpip_thread</a> from lwip_comm.o(i.tcpip_thread) referenced from lwip_comm.o(i.lwip_comm_init)
 <LI><a href="#[a9]">tcpip_thread</a> from tcpip.o(i.tcpip_thread) referenced from tcpip.o(i.tcpip_init)
 <LI><a href="#[94]">trap_task</a> from trap.o(i.trap_task) referenced from main.o(i.main)
 <LI><a href="#[b3]">udp_get_object_def</a> from mib2.o(i.udp_get_object_def) referenced from mib2.o(.constdata)
 <LI><a href="#[b4]">udp_get_value</a> from mib2.o(i.udp_get_value) referenced from mib2.o(.constdata)
 <LI><a href="#[9f]">udpentry_get_object_def</a> from mib2.o(i.udpentry_get_object_def) referenced from mib2.o(i.snmp_insert_udpidx_tree)
 <LI><a href="#[a0]">udpentry_get_value</a> from mib2.o(i.udpentry_get_value) referenced from mib2.o(i.snmp_insert_udpidx_tree)
 <LI><a href="#[aa]">vSendTrapCallback2</a> from trap.o(i.vSendTrapCallback2) referenced from trap.o(i.trap_task)
</UL>
<P>
<H3>
Global Symbols
</H3>
<P><STRONG><a name="[c6]"></a>__main</STRONG> (Thumb, 8 bytes, Stack size 0 bytes, __main.o(!!!main))
<BR><BR>[Calls]<UL><LI><a href="#[c7]">&gt;&gt;</a>&nbsp;&nbsp;&nbsp;__scatterload
<LI><a href="#[c8]">&gt;&gt;</a>&nbsp;&nbsp;&nbsp;__rt_entry
</UL>

<P><STRONG><a name="[c7]"></a>__scatterload</STRONG> (Thumb, 0 bytes, Stack size unknown bytes, __scatter.o(!!!scatter))
<BR><BR>[Called By]<UL><LI><a href="#[c6]">&gt;&gt;</a>&nbsp;&nbsp;&nbsp;__main
</UL>

<P><STRONG><a name="[c9]"></a>__scatterload_rt2</STRONG> (Thumb, 44 bytes, Stack size unknown bytes, __scatter.o(!!!scatter), UNUSED)
<BR><BR>[Calls]<UL><LI><a href="#[c8]">&gt;&gt;</a>&nbsp;&nbsp;&nbsp;__rt_entry
</UL>

<P><STRONG><a name="[4c5]"></a>__scatterload_rt2_thumb_only</STRONG> (Thumb, 0 bytes, Stack size unknown bytes, __scatter.o(!!!scatter), UNUSED)

<P><STRONG><a name="[4c6]"></a>__scatterload_null</STRONG> (Thumb, 0 bytes, Stack size unknown bytes, __scatter.o(!!!scatter), UNUSED)

<P><STRONG><a name="[4c7]"></a>__decompress</STRONG> (Thumb, 90 bytes, Stack size unknown bytes, __dczerorl2.o(!!dczerorl2), UNUSED)

<P><STRONG><a name="[4c8]"></a>__decompress1</STRONG> (Thumb, 0 bytes, Stack size unknown bytes, __dczerorl2.o(!!dczerorl2), UNUSED)

<P><STRONG><a name="[4c9]"></a>__scatterload_zeroinit</STRONG> (Thumb, 28 bytes, Stack size unknown bytes, __scatter_zi.o(!!handler_zi), UNUSED)

<P><STRONG><a name="[ca]"></a>_printf_n</STRONG> (Thumb, 0 bytes, Stack size unknown bytes, _printf_n.o(.ARM.Collect$$_printf_percent$$00000001))
<BR><BR>[Calls]<UL><LI><a href="#[cb]">&gt;&gt;</a>&nbsp;&nbsp;&nbsp;_printf_charcount
</UL>

<P><STRONG><a name="[10f]"></a>_printf_percent</STRONG> (Thumb, 0 bytes, Stack size unknown bytes, _printf_percent.o(.ARM.Collect$$_printf_percent$$00000000))
<BR><BR>[Called By]<UL><LI><a href="#[10d]">&gt;&gt;</a>&nbsp;&nbsp;&nbsp;__printf
</UL>

<P><STRONG><a name="[cc]"></a>_printf_p</STRONG> (Thumb, 0 bytes, Stack size unknown bytes, _printf_p.o(.ARM.Collect$$_printf_percent$$00000002))
<BR><BR>[Stack]<UL><LI>Max Depth = 64 + Unknown Stack Size
<LI>Call Chain = _printf_p &rArr; _printf_hex_ptr &rArr; _printf_longlong_hex &rArr; _printf_int_common &rArr; _printf_post_padding
</UL>
<BR>[Calls]<UL><LI><a href="#[cd]">&gt;&gt;</a>&nbsp;&nbsp;&nbsp;_printf_hex_ptr
</UL>

<P><STRONG><a name="[ce]"></a>_printf_f</STRONG> (Thumb, 0 bytes, Stack size unknown bytes, _printf_f.o(.ARM.Collect$$_printf_percent$$00000003))
<BR><BR>[Stack]<UL><LI>Max Depth = 320 + Unknown Stack Size
<LI>Call Chain = _printf_f &rArr; _printf_fp_dec &rArr; _printf_fp_dec_real &rArr; _fp_digits &rArr; _btod_etento &rArr; _btod_emul &rArr; _e2e
</UL>
<BR>[Calls]<UL><LI><a href="#[cf]">&gt;&gt;</a>&nbsp;&nbsp;&nbsp;_printf_fp_dec
</UL>

<P><STRONG><a name="[d0]"></a>_printf_e</STRONG> (Thumb, 0 bytes, Stack size unknown bytes, _printf_e.o(.ARM.Collect$$_printf_percent$$00000004))
<BR><BR>[Stack]<UL><LI>Max Depth = 320 + Unknown Stack Size
<LI>Call Chain = _printf_e &rArr; _printf_fp_dec &rArr; _printf_fp_dec_real &rArr; _fp_digits &rArr; _btod_etento &rArr; _btod_emul &rArr; _e2e
</UL>
<BR>[Calls]<UL><LI><a href="#[cf]">&gt;&gt;</a>&nbsp;&nbsp;&nbsp;_printf_fp_dec
</UL>

<P><STRONG><a name="[d1]"></a>_printf_g</STRONG> (Thumb, 0 bytes, Stack size unknown bytes, _printf_g.o(.ARM.Collect$$_printf_percent$$00000005))
<BR><BR>[Stack]<UL><LI>Max Depth = 320 + Unknown Stack Size
<LI>Call Chain = _printf_g &rArr; _printf_fp_dec &rArr; _printf_fp_dec_real &rArr; _fp_digits &rArr; _btod_etento &rArr; _btod_emul &rArr; _e2e
</UL>
<BR>[Calls]<UL><LI><a href="#[cf]">&gt;&gt;</a>&nbsp;&nbsp;&nbsp;_printf_fp_dec
</UL>

<P><STRONG><a name="[4ca]"></a>_printf_a</STRONG> (Thumb, 0 bytes, Stack size unknown bytes, _printf_a.o(.ARM.Collect$$_printf_percent$$00000006))

<P><STRONG><a name="[4cb]"></a>_printf_ll</STRONG> (Thumb, 0 bytes, Stack size unknown bytes, _printf_ll.o(.ARM.Collect$$_printf_percent$$00000007))

<P><STRONG><a name="[d2]"></a>_printf_i</STRONG> (Thumb, 0 bytes, Stack size unknown bytes, _printf_i.o(.ARM.Collect$$_printf_percent$$00000008))
<BR><BR>[Stack]<UL><LI>Max Depth = 72 + Unknown Stack Size
<LI>Call Chain = _printf_i &rArr; _printf_int_dec &rArr; _printf_int_common &rArr; _printf_post_padding
</UL>
<BR>[Calls]<UL><LI><a href="#[d3]">&gt;&gt;</a>&nbsp;&nbsp;&nbsp;_printf_int_dec
</UL>

<P><STRONG><a name="[d4]"></a>_printf_d</STRONG> (Thumb, 0 bytes, Stack size unknown bytes, _printf_d.o(.ARM.Collect$$_printf_percent$$00000009))
<BR><BR>[Stack]<UL><LI>Max Depth = 72 + Unknown Stack Size
<LI>Call Chain = _printf_d &rArr; _printf_int_dec &rArr; _printf_int_common &rArr; _printf_post_padding
</UL>
<BR>[Calls]<UL><LI><a href="#[d3]">&gt;&gt;</a>&nbsp;&nbsp;&nbsp;_printf_int_dec
</UL>

<P><STRONG><a name="[d5]"></a>_printf_u</STRONG> (Thumb, 0 bytes, Stack size unknown bytes, _printf_u.o(.ARM.Collect$$_printf_percent$$0000000A))
<BR><BR>[Stack]<UL><LI>Max Depth = 72 + Unknown Stack Size
<LI>Call Chain = _printf_u &rArr; _printf_int_dec &rArr; _printf_int_common &rArr; _printf_post_padding
</UL>
<BR>[Calls]<UL><LI><a href="#[d3]">&gt;&gt;</a>&nbsp;&nbsp;&nbsp;_printf_int_dec
</UL>

<P><STRONG><a name="[d6]"></a>_printf_o</STRONG> (Thumb, 0 bytes, Stack size unknown bytes, _printf_o.o(.ARM.Collect$$_printf_percent$$0000000B))
<BR><BR>[Stack]<UL><LI>Max Depth = 64 + Unknown Stack Size
<LI>Call Chain = _printf_o &rArr; _printf_int_oct &rArr; _printf_longlong_oct &rArr; _printf_int_common &rArr; _printf_post_padding
</UL>
<BR>[Calls]<UL><LI><a href="#[d7]">&gt;&gt;</a>&nbsp;&nbsp;&nbsp;_printf_int_oct
</UL>

<P><STRONG><a name="[d8]"></a>_printf_x</STRONG> (Thumb, 0 bytes, Stack size unknown bytes, _printf_x.o(.ARM.Collect$$_printf_percent$$0000000C))
<BR><BR>[Stack]<UL><LI>Max Depth = 80 + Unknown Stack Size
<LI>Call Chain = _printf_x &rArr; _printf_int_hex &rArr; _printf_longlong_hex &rArr; _printf_int_common &rArr; _printf_post_padding
</UL>
<BR>[Calls]<UL><LI><a href="#[d9]">&gt;&gt;</a>&nbsp;&nbsp;&nbsp;_printf_int_hex
</UL>

<P><STRONG><a name="[da]"></a>_printf_lli</STRONG> (Thumb, 0 bytes, Stack size unknown bytes, _printf_lli.o(.ARM.Collect$$_printf_percent$$0000000D))
<BR><BR>[Stack]<UL><LI>Max Depth = 72 + Unknown Stack Size
<LI>Call Chain = _printf_lli &rArr; _printf_longlong_dec &rArr; _printf_int_common &rArr; _printf_post_padding
</UL>
<BR>[Calls]<UL><LI><a href="#[db]">&gt;&gt;</a>&nbsp;&nbsp;&nbsp;_printf_longlong_dec
</UL>

<P><STRONG><a name="[dc]"></a>_printf_lld</STRONG> (Thumb, 0 bytes, Stack size unknown bytes, _printf_lld.o(.ARM.Collect$$_printf_percent$$0000000E))
<BR><BR>[Stack]<UL><LI>Max Depth = 72 + Unknown Stack Size
<LI>Call Chain = _printf_lld &rArr; _printf_longlong_dec &rArr; _printf_int_common &rArr; _printf_post_padding
</UL>
<BR>[Calls]<UL><LI><a href="#[db]">&gt;&gt;</a>&nbsp;&nbsp;&nbsp;_printf_longlong_dec
</UL>

<P><STRONG><a name="[dd]"></a>_printf_llu</STRONG> (Thumb, 0 bytes, Stack size unknown bytes, _printf_llu.o(.ARM.Collect$$_printf_percent$$0000000F))
<BR><BR>[Stack]<UL><LI>Max Depth = 72 + Unknown Stack Size
<LI>Call Chain = _printf_llu &rArr; _printf_longlong_dec &rArr; _printf_int_common &rArr; _printf_post_padding
</UL>
<BR>[Calls]<UL><LI><a href="#[db]">&gt;&gt;</a>&nbsp;&nbsp;&nbsp;_printf_longlong_dec
</UL>

<P><STRONG><a name="[de]"></a>_printf_llo</STRONG> (Thumb, 0 bytes, Stack size unknown bytes, _printf_llo.o(.ARM.Collect$$_printf_percent$$00000010))
<BR><BR>[Stack]<UL><LI>Max Depth = 56 + Unknown Stack Size
<LI>Call Chain = _printf_llo &rArr; _printf_ll_oct &rArr; _printf_longlong_oct &rArr; _printf_int_common &rArr; _printf_post_padding
</UL>
<BR>[Calls]<UL><LI><a href="#[df]">&gt;&gt;</a>&nbsp;&nbsp;&nbsp;_printf_ll_oct
</UL>

<P><STRONG><a name="[e0]"></a>_printf_llx</STRONG> (Thumb, 0 bytes, Stack size unknown bytes, _printf_llx.o(.ARM.Collect$$_printf_percent$$00000011))
<BR><BR>[Stack]<UL><LI>Max Depth = 64 + Unknown Stack Size
<LI>Call Chain = _printf_llx &rArr; _printf_ll_hex &rArr; _printf_longlong_hex &rArr; _printf_int_common &rArr; _printf_post_padding
</UL>
<BR>[Calls]<UL><LI><a href="#[e1]">&gt;&gt;</a>&nbsp;&nbsp;&nbsp;_printf_ll_hex
</UL>

<P><STRONG><a name="[4cc]"></a>_printf_l</STRONG> (Thumb, 0 bytes, Stack size unknown bytes, _printf_l.o(.ARM.Collect$$_printf_percent$$00000012))

<P><STRONG><a name="[e2]"></a>_printf_c</STRONG> (Thumb, 0 bytes, Stack size unknown bytes, _printf_c.o(.ARM.Collect$$_printf_percent$$00000013))
<BR><BR>[Stack]<UL><LI>Max Depth = 40 + Unknown Stack Size
<LI>Call Chain = _printf_c &rArr; _printf_char &rArr; _printf_cs_common &rArr; _printf_str &rArr; _printf_post_padding
</UL>
<BR>[Calls]<UL><LI><a href="#[e3]">&gt;&gt;</a>&nbsp;&nbsp;&nbsp;_printf_char
</UL>

<P><STRONG><a name="[e4]"></a>_printf_s</STRONG> (Thumb, 0 bytes, Stack size unknown bytes, _printf_s.o(.ARM.Collect$$_printf_percent$$00000014))
<BR><BR>[Stack]<UL><LI>Max Depth = 40 + Unknown Stack Size
<LI>Call Chain = _printf_s &rArr; _printf_string &rArr; _printf_cs_common &rArr; _printf_str &rArr; _printf_post_padding
</UL>
<BR>[Calls]<UL><LI><a href="#[e5]">&gt;&gt;</a>&nbsp;&nbsp;&nbsp;_printf_string
</UL>

<P><STRONG><a name="[e6]"></a>_printf_lc</STRONG> (Thumb, 0 bytes, Stack size unknown bytes, _printf_lc.o(.ARM.Collect$$_printf_percent$$00000015))
<BR><BR>[Stack]<UL><LI>Max Depth = 88 + Unknown Stack Size
<LI>Call Chain = _printf_lc &rArr; _printf_wchar &rArr; _printf_lcs_common &rArr; _printf_wctomb &rArr; _wcrtomb &rArr; __rt_ctype_table
</UL>
<BR>[Calls]<UL><LI><a href="#[e7]">&gt;&gt;</a>&nbsp;&nbsp;&nbsp;_printf_wchar
</UL>

<P><STRONG><a name="[e8]"></a>_printf_ls</STRONG> (Thumb, 0 bytes, Stack size unknown bytes, _printf_ls.o(.ARM.Collect$$_printf_percent$$00000016))
<BR><BR>[Stack]<UL><LI>Max Depth = 88 + Unknown Stack Size
<LI>Call Chain = _printf_ls &rArr; _printf_wstring &rArr; _printf_lcs_common &rArr; _printf_wctomb &rArr; _wcrtomb &rArr; __rt_ctype_table
</UL>
<BR>[Calls]<UL><LI><a href="#[e9]">&gt;&gt;</a>&nbsp;&nbsp;&nbsp;_printf_wstring
</UL>

<P><STRONG><a name="[4cd]"></a>_printf_percent_end</STRONG> (Thumb, 0 bytes, Stack size unknown bytes, _printf_percent_end.o(.ARM.Collect$$_printf_percent$$00000017))

<P><STRONG><a name="[f2]"></a>__rt_lib_init</STRONG> (Thumb, 0 bytes, Stack size unknown bytes, libinit.o(.ARM.Collect$$libinit$$00000000))
<BR><BR>[Called By]<UL><LI><a href="#[f1]">&gt;&gt;</a>&nbsp;&nbsp;&nbsp;__rt_entry_li
</UL>

<P><STRONG><a name="[4ce]"></a>__rt_lib_init_fp_1</STRONG> (Thumb, 0 bytes, Stack size unknown bytes, libinit2.o(.ARM.Collect$$libinit$$00000002))

<P><STRONG><a name="[4cf]"></a>__rt_lib_init_heap_1</STRONG> (Thumb, 0 bytes, Stack size unknown bytes, libinit2.o(.ARM.Collect$$libinit$$0000000A))

<P><STRONG><a name="[ea]"></a>__rt_lib_init_lc_common</STRONG> (Thumb, 0 bytes, Stack size unknown bytes, libinit2.o(.ARM.Collect$$libinit$$0000000F))
<BR><BR>[Calls]<UL><LI><a href="#[eb]">&gt;&gt;</a>&nbsp;&nbsp;&nbsp;__rt_locale
</UL>

<P><STRONG><a name="[4d0]"></a>__rt_lib_init_preinit_1</STRONG> (Thumb, 0 bytes, Stack size unknown bytes, libinit2.o(.ARM.Collect$$libinit$$00000004))

<P><STRONG><a name="[4d1]"></a>__rt_lib_init_rand_1</STRONG> (Thumb, 0 bytes, Stack size unknown bytes, libinit2.o(.ARM.Collect$$libinit$$0000000E))

<P><STRONG><a name="[4d2]"></a>__rt_lib_init_user_alloc_1</STRONG> (Thumb, 0 bytes, Stack size unknown bytes, libinit2.o(.ARM.Collect$$libinit$$0000000C))

<P><STRONG><a name="[4d3]"></a>__rt_lib_init_lc_collate_1</STRONG> (Thumb, 0 bytes, Stack size unknown bytes, libinit2.o(.ARM.Collect$$libinit$$00000011))

<P><STRONG><a name="[ec]"></a>__rt_lib_init_lc_ctype_2</STRONG> (Thumb, 0 bytes, Stack size unknown bytes, libinit2.o(.ARM.Collect$$libinit$$00000012))
<BR><BR>[Stack]<UL><LI>Max Depth = 8 + Unknown Stack Size
<LI>Call Chain = __rt_lib_init_lc_ctype_2 &rArr; _get_lc_ctype
</UL>
<BR>[Calls]<UL><LI><a href="#[74]">&gt;&gt;</a>&nbsp;&nbsp;&nbsp;_get_lc_ctype
</UL>

<P><STRONG><a name="[4d4]"></a>__rt_lib_init_lc_ctype_1</STRONG> (Thumb, 0 bytes, Stack size unknown bytes, libinit2.o(.ARM.Collect$$libinit$$00000013))

<P><STRONG><a name="[4d5]"></a>__rt_lib_init_lc_monetary_1</STRONG> (Thumb, 0 bytes, Stack size unknown bytes, libinit2.o(.ARM.Collect$$libinit$$00000015))

<P><STRONG><a name="[ed]"></a>__rt_lib_init_lc_numeric_2</STRONG> (Thumb, 0 bytes, Stack size unknown bytes, libinit2.o(.ARM.Collect$$libinit$$00000016))
<BR><BR>[Stack]<UL><LI>Max Depth = 8 + Unknown Stack Size
<LI>Call Chain = __rt_lib_init_lc_numeric_2 &rArr; _get_lc_numeric
</UL>
<BR>[Calls]<UL><LI><a href="#[ee]">&gt;&gt;</a>&nbsp;&nbsp;&nbsp;_get_lc_numeric
</UL>

<P><STRONG><a name="[4d6]"></a>__rt_lib_init_alloca_1</STRONG> (Thumb, 0 bytes, Stack size unknown bytes, libinit2.o(.ARM.Collect$$libinit$$0000002E))

<P><STRONG><a name="[4d7]"></a>__rt_lib_init_argv_1</STRONG> (Thumb, 0 bytes, Stack size unknown bytes, libinit2.o(.ARM.Collect$$libinit$$0000002C))

<P><STRONG><a name="[4d8]"></a>__rt_lib_init_atexit_1</STRONG> (Thumb, 0 bytes, Stack size unknown bytes, libinit2.o(.ARM.Collect$$libinit$$0000001B))

<P><STRONG><a name="[4d9]"></a>__rt_lib_init_clock_1</STRONG> (Thumb, 0 bytes, Stack size unknown bytes, libinit2.o(.ARM.Collect$$libinit$$00000021))

<P><STRONG><a name="[4da]"></a>__rt_lib_init_cpp_1</STRONG> (Thumb, 0 bytes, Stack size unknown bytes, libinit2.o(.ARM.Collect$$libinit$$00000032))

<P><STRONG><a name="[4db]"></a>__rt_lib_init_exceptions_1</STRONG> (Thumb, 0 bytes, Stack size unknown bytes, libinit2.o(.ARM.Collect$$libinit$$00000030))

<P><STRONG><a name="[4dc]"></a>__rt_lib_init_fp_trap_1</STRONG> (Thumb, 0 bytes, Stack size unknown bytes, libinit2.o(.ARM.Collect$$libinit$$0000001F))

<P><STRONG><a name="[4dd]"></a>__rt_lib_init_getenv_1</STRONG> (Thumb, 0 bytes, Stack size unknown bytes, libinit2.o(.ARM.Collect$$libinit$$00000023))

<P><STRONG><a name="[4de]"></a>__rt_lib_init_lc_numeric_1</STRONG> (Thumb, 0 bytes, Stack size unknown bytes, libinit2.o(.ARM.Collect$$libinit$$00000017))

<P><STRONG><a name="[4df]"></a>__rt_lib_init_lc_time_1</STRONG> (Thumb, 0 bytes, Stack size unknown bytes, libinit2.o(.ARM.Collect$$libinit$$00000019))

<P><STRONG><a name="[4e0]"></a>__rt_lib_init_return</STRONG> (Thumb, 0 bytes, Stack size unknown bytes, libinit2.o(.ARM.Collect$$libinit$$00000033))

<P><STRONG><a name="[4e1]"></a>__rt_lib_init_signal_1</STRONG> (Thumb, 0 bytes, Stack size unknown bytes, libinit2.o(.ARM.Collect$$libinit$$0000001D))

<P><STRONG><a name="[4e2]"></a>__rt_lib_init_stdio_1</STRONG> (Thumb, 0 bytes, Stack size unknown bytes, libinit2.o(.ARM.Collect$$libinit$$00000025))

<P><STRONG><a name="[f7]"></a>__rt_lib_shutdown</STRONG> (Thumb, 0 bytes, Stack size unknown bytes, libshutdown.o(.ARM.Collect$$libshutdown$$00000000))
<BR><BR>[Called By]<UL><LI><a href="#[f6]">&gt;&gt;</a>&nbsp;&nbsp;&nbsp;__rt_exit_ls
<LI><a href="#[117]">&gt;&gt;</a>&nbsp;&nbsp;&nbsp;abort
</UL>

<P><STRONG><a name="[4e3]"></a>__rt_lib_shutdown_fp_trap_1</STRONG> (Thumb, 0 bytes, Stack size unknown bytes, libshutdown2.o(.ARM.Collect$$libshutdown$$00000006))

<P><STRONG><a name="[4e4]"></a>__rt_lib_shutdown_heap_1</STRONG> (Thumb, 0 bytes, Stack size unknown bytes, libshutdown2.o(.ARM.Collect$$libshutdown$$0000000E))

<P><STRONG><a name="[4e5]"></a>__rt_lib_shutdown_return</STRONG> (Thumb, 0 bytes, Stack size unknown bytes, libshutdown2.o(.ARM.Collect$$libshutdown$$0000000F))

<P><STRONG><a name="[4e6]"></a>__rt_lib_shutdown_signal_1</STRONG> (Thumb, 0 bytes, Stack size unknown bytes, libshutdown2.o(.ARM.Collect$$libshutdown$$00000009))

<P><STRONG><a name="[4e7]"></a>__rt_lib_shutdown_stdio_1</STRONG> (Thumb, 0 bytes, Stack size unknown bytes, libshutdown2.o(.ARM.Collect$$libshutdown$$00000003))

<P><STRONG><a name="[4e8]"></a>__rt_lib_shutdown_user_alloc_1</STRONG> (Thumb, 0 bytes, Stack size unknown bytes, libshutdown2.o(.ARM.Collect$$libshutdown$$0000000B))

<P><STRONG><a name="[c8]"></a>__rt_entry</STRONG> (Thumb, 0 bytes, Stack size unknown bytes, __rtentry.o(.ARM.Collect$$rtentry$$00000000))
<BR><BR>[Called By]<UL><LI><a href="#[c6]">&gt;&gt;</a>&nbsp;&nbsp;&nbsp;__main
<LI><a href="#[c9]">&gt;&gt;</a>&nbsp;&nbsp;&nbsp;__scatterload_rt2
</UL>

<P><STRONG><a name="[4e9]"></a>__rt_entry_presh_1</STRONG> (Thumb, 0 bytes, Stack size unknown bytes, __rtentry2.o(.ARM.Collect$$rtentry$$00000002))

<P><STRONG><a name="[ef]"></a>__rt_entry_sh</STRONG> (Thumb, 0 bytes, Stack size unknown bytes, __rtentry4.o(.ARM.Collect$$rtentry$$00000004))
<BR><BR>[Stack]<UL><LI>Max Depth = 8 + Unknown Stack Size
<LI>Call Chain = __rt_entry_sh &rArr; __user_setup_stackheap
</UL>
<BR>[Calls]<UL><LI><a href="#[f0]">&gt;&gt;</a>&nbsp;&nbsp;&nbsp;__user_setup_stackheap
</UL>

<P><STRONG><a name="[f1]"></a>__rt_entry_li</STRONG> (Thumb, 0 bytes, Stack size unknown bytes, __rtentry2.o(.ARM.Collect$$rtentry$$0000000A))
<BR><BR>[Calls]<UL><LI><a href="#[f2]">&gt;&gt;</a>&nbsp;&nbsp;&nbsp;__rt_lib_init
</UL>

<P><STRONG><a name="[4ea]"></a>__rt_entry_postsh_1</STRONG> (Thumb, 0 bytes, Stack size unknown bytes, __rtentry2.o(.ARM.Collect$$rtentry$$00000009))

<P><STRONG><a name="[f3]"></a>__rt_entry_main</STRONG> (Thumb, 0 bytes, Stack size unknown bytes, __rtentry2.o(.ARM.Collect$$rtentry$$0000000D))
<BR><BR>[Stack]<UL><LI>Max Depth = 1056 + Unknown Stack Size
<LI>Call Chain = __rt_entry_main &rArr; main &rArr; lwip_comm_init &rArr; lwip_comm_default_ip_set &rArr; ini_getl &rArr; ini_gets &rArr; getkeystring &rArr; f_gets &rArr; f_read &rArr; get_fat &rArr; move_window &rArr; sync_window &rArr; disk_write &rArr; SD_Initialize &rArr; SD_SendCmd &rArr; SD_Select &rArr; SD_WaitReady &rArr; delay_ms &rArr; vTaskDelay &rArr; xTaskResumeAll &rArr; xTaskIncrementTick &rArr; __2printf &rArr; _printf_char_file &rArr; _printf_char_common &rArr; __printf
</UL>
<BR>[Calls]<UL><LI><a href="#[f4]">&gt;&gt;</a>&nbsp;&nbsp;&nbsp;main
<LI><a href="#[f5]">&gt;&gt;</a>&nbsp;&nbsp;&nbsp;exit
</UL>

<P><STRONG><a name="[4eb]"></a>__rt_entry_postli_1</STRONG> (Thumb, 0 bytes, Stack size unknown bytes, __rtentry2.o(.ARM.Collect$$rtentry$$0000000C))

<P><STRONG><a name="[13a]"></a>__rt_exit</STRONG> (Thumb, 0 bytes, Stack size unknown bytes, rtexit.o(.ARM.Collect$$rtexit$$00000000))
<BR><BR>[Called By]<UL><LI><a href="#[f5]">&gt;&gt;</a>&nbsp;&nbsp;&nbsp;exit
</UL>

<P><STRONG><a name="[f6]"></a>__rt_exit_ls</STRONG> (Thumb, 0 bytes, Stack size unknown bytes, rtexit2.o(.ARM.Collect$$rtexit$$00000003))
<BR><BR>[Calls]<UL><LI><a href="#[f7]">&gt;&gt;</a>&nbsp;&nbsp;&nbsp;__rt_lib_shutdown
</UL>

<P><STRONG><a name="[4ec]"></a>__rt_exit_prels_1</STRONG> (Thumb, 0 bytes, Stack size unknown bytes, rtexit2.o(.ARM.Collect$$rtexit$$00000002))

<P><STRONG><a name="[f8]"></a>__rt_exit_exit</STRONG> (Thumb, 0 bytes, Stack size unknown bytes, rtexit2.o(.ARM.Collect$$rtexit$$00000004))
<BR><BR>[Calls]<UL><LI><a href="#[f9]">&gt;&gt;</a>&nbsp;&nbsp;&nbsp;_sys_exit
</UL>

<P><STRONG><a name="[30]"></a>SVC_Handler</STRONG> (Thumb, 32 bytes, Stack size 0 bytes, port.o(.emb_text))
<BR>[Address Reference Count : 1]<UL><LI> startup_stm32f10x_hd.o(RESET)
</UL>
<P><STRONG><a name="[4aa]"></a>__asm___6_port_c_39a90d8d__prvStartFirstTask</STRONG> (Thumb, 28 bytes, Stack size 0 bytes, port.o(.emb_text))
<BR><BR>[Called By]<UL><LI><a href="#[4a7]">&gt;&gt;</a>&nbsp;&nbsp;&nbsp;xPortStartScheduler
</UL>

<P><STRONG><a name="[32]"></a>PendSV_Handler</STRONG> (Thumb, 72 bytes, Stack size 0 bytes, port.o(.emb_text))
<BR><BR>[Stack]<UL><LI>Max Depth = 152 + Unknown Stack Size
<LI>Call Chain = PendSV_Handler &rArr; vTaskSwitchContext &rArr; __2printf &rArr; _printf_char_file &rArr; _printf_char_common &rArr; __printf
</UL>
<BR>[Calls]<UL><LI><a href="#[fa]">&gt;&gt;</a>&nbsp;&nbsp;&nbsp;vTaskSwitchContext
</UL>
<BR>[Address Reference Count : 1]<UL><LI> startup_stm32f10x_hd.o(RESET)
</UL>
<P><STRONG><a name="[4a1]"></a>vPortGetIPSR</STRONG> (Thumb, 6 bytes, Stack size 0 bytes, port.o(.emb_text))
<BR><BR>[Called By]<UL><LI><a href="#[4a0]">&gt;&gt;</a>&nbsp;&nbsp;&nbsp;vPortValidateInterruptPriority
</UL>

<P><STRONG><a name="[2a]"></a>Reset_Handler</STRONG> (Thumb, 8 bytes, Stack size 0 bytes, startup_stm32f10x_hd.o(.text))
<BR>[Address Reference Count : 1]<UL><LI> startup_stm32f10x_hd.o(RESET)
</UL>
<P><STRONG><a name="[46]"></a>ADC1_2_IRQHandler</STRONG> (Thumb, 0 bytes, Stack size 0 bytes, startup_stm32f10x_hd.o(.text))
<BR><BR>[Calls]<UL><LI><a href="#[46]">&gt;&gt;</a>&nbsp;&nbsp;&nbsp;ADC1_2_IRQHandler
</UL>
<BR>[Called By]<UL><LI><a href="#[46]">&gt;&gt;</a>&nbsp;&nbsp;&nbsp;ADC1_2_IRQHandler
</UL>
<BR>[Address Reference Count : 1]<UL><LI> startup_stm32f10x_hd.o(RESET)
</UL>
<P><STRONG><a name="[63]"></a>ADC3_IRQHandler</STRONG> (Thumb, 0 bytes, Stack size 0 bytes, startup_stm32f10x_hd.o(.text))
<BR>[Address Reference Count : 1]<UL><LI> startup_stm32f10x_hd.o(RESET)
</UL>
<P><STRONG><a name="[49]"></a>CAN1_RX1_IRQHandler</STRONG> (Thumb, 0 bytes, Stack size 0 bytes, startup_stm32f10x_hd.o(.text))
<BR>[Address Reference Count : 1]<UL><LI> startup_stm32f10x_hd.o(RESET)
</UL>
<P><STRONG><a name="[4a]"></a>CAN1_SCE_IRQHandler</STRONG> (Thumb, 0 bytes, Stack size 0 bytes, startup_stm32f10x_hd.o(.text))
<BR>[Address Reference Count : 1]<UL><LI> startup_stm32f10x_hd.o(RESET)
</UL>
<P><STRONG><a name="[3f]"></a>DMA1_Channel1_IRQHandler</STRONG> (Thumb, 0 bytes, Stack size 0 bytes, startup_stm32f10x_hd.o(.text))
<BR>[Address Reference Count : 1]<UL><LI> startup_stm32f10x_hd.o(RESET)
</UL>
<P><STRONG><a name="[40]"></a>DMA1_Channel2_IRQHandler</STRONG> (Thumb, 0 bytes, Stack size 0 bytes, startup_stm32f10x_hd.o(.text))
<BR>[Address Reference Count : 1]<UL><LI> startup_stm32f10x_hd.o(RESET)
</UL>
<P><STRONG><a name="[41]"></a>DMA1_Channel3_IRQHandler</STRONG> (Thumb, 0 bytes, Stack size 0 bytes, startup_stm32f10x_hd.o(.text))
<BR>[Address Reference Count : 1]<UL><LI> startup_stm32f10x_hd.o(RESET)
</UL>
<P><STRONG><a name="[42]"></a>DMA1_Channel4_IRQHandler</STRONG> (Thumb, 0 bytes, Stack size 0 bytes, startup_stm32f10x_hd.o(.text))
<BR>[Address Reference Count : 1]<UL><LI> startup_stm32f10x_hd.o(RESET)
</UL>
<P><STRONG><a name="[43]"></a>DMA1_Channel5_IRQHandler</STRONG> (Thumb, 0 bytes, Stack size 0 bytes, startup_stm32f10x_hd.o(.text))
<BR>[Address Reference Count : 1]<UL><LI> startup_stm32f10x_hd.o(RESET)
</UL>
<P><STRONG><a name="[44]"></a>DMA1_Channel6_IRQHandler</STRONG> (Thumb, 0 bytes, Stack size 0 bytes, startup_stm32f10x_hd.o(.text))
<BR>[Address Reference Count : 1]<UL><LI> startup_stm32f10x_hd.o(RESET)
</UL>
<P><STRONG><a name="[45]"></a>DMA1_Channel7_IRQHandler</STRONG> (Thumb, 0 bytes, Stack size 0 bytes, startup_stm32f10x_hd.o(.text))
<BR>[Address Reference Count : 1]<UL><LI> startup_stm32f10x_hd.o(RESET)
</UL>
<P><STRONG><a name="[6c]"></a>DMA2_Channel1_IRQHandler</STRONG> (Thumb, 0 bytes, Stack size 0 bytes, startup_stm32f10x_hd.o(.text))
<BR>[Address Reference Count : 1]<UL><LI> startup_stm32f10x_hd.o(RESET)
</UL>
<P><STRONG><a name="[6d]"></a>DMA2_Channel2_IRQHandler</STRONG> (Thumb, 0 bytes, Stack size 0 bytes, startup_stm32f10x_hd.o(.text))
<BR>[Address Reference Count : 1]<UL><LI> startup_stm32f10x_hd.o(RESET)
</UL>
<P><STRONG><a name="[6e]"></a>DMA2_Channel3_IRQHandler</STRONG> (Thumb, 0 bytes, Stack size 0 bytes, startup_stm32f10x_hd.o(.text))
<BR>[Address Reference Count : 1]<UL><LI> startup_stm32f10x_hd.o(RESET)
</UL>
<P><STRONG><a name="[6f]"></a>DMA2_Channel4_5_IRQHandler</STRONG> (Thumb, 0 bytes, Stack size 0 bytes, startup_stm32f10x_hd.o(.text))
<BR>[Address Reference Count : 1]<UL><LI> startup_stm32f10x_hd.o(RESET)
</UL>
<P><STRONG><a name="[3a]"></a>EXTI0_IRQHandler</STRONG> (Thumb, 0 bytes, Stack size 0 bytes, startup_stm32f10x_hd.o(.text))
<BR>[Address Reference Count : 1]<UL><LI> startup_stm32f10x_hd.o(RESET)
</UL>
<P><STRONG><a name="[5c]"></a>EXTI15_10_IRQHandler</STRONG> (Thumb, 0 bytes, Stack size 0 bytes, startup_stm32f10x_hd.o(.text))
<BR>[Address Reference Count : 1]<UL><LI> startup_stm32f10x_hd.o(RESET)
</UL>
<P><STRONG><a name="[3b]"></a>EXTI1_IRQHandler</STRONG> (Thumb, 0 bytes, Stack size 0 bytes, startup_stm32f10x_hd.o(.text))
<BR>[Address Reference Count : 1]<UL><LI> startup_stm32f10x_hd.o(RESET)
</UL>
<P><STRONG><a name="[3c]"></a>EXTI2_IRQHandler</STRONG> (Thumb, 0 bytes, Stack size 0 bytes, startup_stm32f10x_hd.o(.text))
<BR>[Address Reference Count : 1]<UL><LI> startup_stm32f10x_hd.o(RESET)
</UL>
<P><STRONG><a name="[3d]"></a>EXTI3_IRQHandler</STRONG> (Thumb, 0 bytes, Stack size 0 bytes, startup_stm32f10x_hd.o(.text))
<BR>[Address Reference Count : 1]<UL><LI> startup_stm32f10x_hd.o(RESET)
</UL>
<P><STRONG><a name="[3e]"></a>EXTI4_IRQHandler</STRONG> (Thumb, 0 bytes, Stack size 0 bytes, startup_stm32f10x_hd.o(.text))
<BR>[Address Reference Count : 1]<UL><LI> startup_stm32f10x_hd.o(RESET)
</UL>
<P><STRONG><a name="[38]"></a>FLASH_IRQHandler</STRONG> (Thumb, 0 bytes, Stack size 0 bytes, startup_stm32f10x_hd.o(.text))
<BR>[Address Reference Count : 1]<UL><LI> startup_stm32f10x_hd.o(RESET)
</UL>
<P><STRONG><a name="[64]"></a>FSMC_IRQHandler</STRONG> (Thumb, 0 bytes, Stack size 0 bytes, startup_stm32f10x_hd.o(.text))
<BR>[Address Reference Count : 1]<UL><LI> startup_stm32f10x_hd.o(RESET)
</UL>
<P><STRONG><a name="[54]"></a>I2C1_ER_IRQHandler</STRONG> (Thumb, 0 bytes, Stack size 0 bytes, startup_stm32f10x_hd.o(.text))
<BR>[Address Reference Count : 1]<UL><LI> startup_stm32f10x_hd.o(RESET)
</UL>
<P><STRONG><a name="[53]"></a>I2C1_EV_IRQHandler</STRONG> (Thumb, 0 bytes, Stack size 0 bytes, startup_stm32f10x_hd.o(.text))
<BR>[Address Reference Count : 1]<UL><LI> startup_stm32f10x_hd.o(RESET)
</UL>
<P><STRONG><a name="[56]"></a>I2C2_ER_IRQHandler</STRONG> (Thumb, 0 bytes, Stack size 0 bytes, startup_stm32f10x_hd.o(.text))
<BR>[Address Reference Count : 1]<UL><LI> startup_stm32f10x_hd.o(RESET)
</UL>
<P><STRONG><a name="[55]"></a>I2C2_EV_IRQHandler</STRONG> (Thumb, 0 bytes, Stack size 0 bytes, startup_stm32f10x_hd.o(.text))
<BR>[Address Reference Count : 1]<UL><LI> startup_stm32f10x_hd.o(RESET)
</UL>
<P><STRONG><a name="[35]"></a>PVD_IRQHandler</STRONG> (Thumb, 0 bytes, Stack size 0 bytes, startup_stm32f10x_hd.o(.text))
<BR>[Address Reference Count : 1]<UL><LI> startup_stm32f10x_hd.o(RESET)
</UL>
<P><STRONG><a name="[39]"></a>RCC_IRQHandler</STRONG> (Thumb, 0 bytes, Stack size 0 bytes, startup_stm32f10x_hd.o(.text))
<BR>[Address Reference Count : 1]<UL><LI> startup_stm32f10x_hd.o(RESET)
</UL>
<P><STRONG><a name="[5d]"></a>RTCAlarm_IRQHandler</STRONG> (Thumb, 0 bytes, Stack size 0 bytes, startup_stm32f10x_hd.o(.text))
<BR>[Address Reference Count : 1]<UL><LI> startup_stm32f10x_hd.o(RESET)
</UL>
<P><STRONG><a name="[58]"></a>SPI2_IRQHandler</STRONG> (Thumb, 0 bytes, Stack size 0 bytes, startup_stm32f10x_hd.o(.text))
<BR>[Address Reference Count : 1]<UL><LI> startup_stm32f10x_hd.o(RESET)
</UL>
<P><STRONG><a name="[67]"></a>SPI3_IRQHandler</STRONG> (Thumb, 0 bytes, Stack size 0 bytes, startup_stm32f10x_hd.o(.text))
<BR>[Address Reference Count : 1]<UL><LI> startup_stm32f10x_hd.o(RESET)
</UL>
<P><STRONG><a name="[36]"></a>TAMPER_IRQHandler</STRONG> (Thumb, 0 bytes, Stack size 0 bytes, startup_stm32f10x_hd.o(.text))
<BR>[Address Reference Count : 1]<UL><LI> startup_stm32f10x_hd.o(RESET)
</UL>
<P><STRONG><a name="[4c]"></a>TIM1_BRK_IRQHandler</STRONG> (Thumb, 0 bytes, Stack size 0 bytes, startup_stm32f10x_hd.o(.text))
<BR>[Address Reference Count : 1]<UL><LI> startup_stm32f10x_hd.o(RESET)
</UL>
<P><STRONG><a name="[4f]"></a>TIM1_CC_IRQHandler</STRONG> (Thumb, 0 bytes, Stack size 0 bytes, startup_stm32f10x_hd.o(.text))
<BR>[Address Reference Count : 1]<UL><LI> startup_stm32f10x_hd.o(RESET)
</UL>
<P><STRONG><a name="[4e]"></a>TIM1_TRG_COM_IRQHandler</STRONG> (Thumb, 0 bytes, Stack size 0 bytes, startup_stm32f10x_hd.o(.text))
<BR>[Address Reference Count : 1]<UL><LI> startup_stm32f10x_hd.o(RESET)
</UL>
<P><STRONG><a name="[4d]"></a>TIM1_UP_IRQHandler</STRONG> (Thumb, 0 bytes, Stack size 0 bytes, startup_stm32f10x_hd.o(.text))
<BR>[Address Reference Count : 1]<UL><LI> startup_stm32f10x_hd.o(RESET)
</UL>
<P><STRONG><a name="[50]"></a>TIM2_IRQHandler</STRONG> (Thumb, 0 bytes, Stack size 0 bytes, startup_stm32f10x_hd.o(.text))
<BR>[Address Reference Count : 1]<UL><LI> startup_stm32f10x_hd.o(RESET)
</UL>
<P><STRONG><a name="[52]"></a>TIM4_IRQHandler</STRONG> (Thumb, 0 bytes, Stack size 0 bytes, startup_stm32f10x_hd.o(.text))
<BR>[Address Reference Count : 1]<UL><LI> startup_stm32f10x_hd.o(RESET)
</UL>
<P><STRONG><a name="[6a]"></a>TIM6_IRQHandler</STRONG> (Thumb, 0 bytes, Stack size 0 bytes, startup_stm32f10x_hd.o(.text))
<BR>[Address Reference Count : 1]<UL><LI> startup_stm32f10x_hd.o(RESET)
</UL>
<P><STRONG><a name="[6b]"></a>TIM7_IRQHandler</STRONG> (Thumb, 0 bytes, Stack size 0 bytes, startup_stm32f10x_hd.o(.text))
<BR>[Address Reference Count : 1]<UL><LI> startup_stm32f10x_hd.o(RESET)
</UL>
<P><STRONG><a name="[5f]"></a>TIM8_BRK_IRQHandler</STRONG> (Thumb, 0 bytes, Stack size 0 bytes, startup_stm32f10x_hd.o(.text))
<BR>[Address Reference Count : 1]<UL><LI> startup_stm32f10x_hd.o(RESET)
</UL>
<P><STRONG><a name="[62]"></a>TIM8_CC_IRQHandler</STRONG> (Thumb, 0 bytes, Stack size 0 bytes, startup_stm32f10x_hd.o(.text))
<BR>[Address Reference Count : 1]<UL><LI> startup_stm32f10x_hd.o(RESET)
</UL>
<P><STRONG><a name="[61]"></a>TIM8_TRG_COM_IRQHandler</STRONG> (Thumb, 0 bytes, Stack size 0 bytes, startup_stm32f10x_hd.o(.text))
<BR>[Address Reference Count : 1]<UL><LI> startup_stm32f10x_hd.o(RESET)
</UL>
<P><STRONG><a name="[60]"></a>TIM8_UP_IRQHandler</STRONG> (Thumb, 0 bytes, Stack size 0 bytes, startup_stm32f10x_hd.o(.text))
<BR>[Address Reference Count : 1]<UL><LI> startup_stm32f10x_hd.o(RESET)
</UL>
<P><STRONG><a name="[69]"></a>UART5_IRQHandler</STRONG> (Thumb, 0 bytes, Stack size 0 bytes, startup_stm32f10x_hd.o(.text))
<BR>[Address Reference Count : 1]<UL><LI> startup_stm32f10x_hd.o(RESET)
</UL>
<P><STRONG><a name="[5e]"></a>USBWakeUp_IRQHandler</STRONG> (Thumb, 0 bytes, Stack size 0 bytes, startup_stm32f10x_hd.o(.text))
<BR>[Address Reference Count : 1]<UL><LI> startup_stm32f10x_hd.o(RESET)
</UL>
<P><STRONG><a name="[34]"></a>WWDG_IRQHandler</STRONG> (Thumb, 0 bytes, Stack size 0 bytes, startup_stm32f10x_hd.o(.text))
<BR>[Address Reference Count : 1]<UL><LI> startup_stm32f10x_hd.o(RESET)
</UL>
<P><STRONG><a name="[139]"></a>__user_initial_stackheap</STRONG> (Thumb, 0 bytes, Stack size unknown bytes, startup_stm32f10x_hd.o(.text))
<BR><BR>[Called By]<UL><LI><a href="#[f0]">&gt;&gt;</a>&nbsp;&nbsp;&nbsp;__user_setup_stackheap
</UL>

<P><STRONG><a name="[4ed]"></a>__use_no_semihosting</STRONG> (Thumb, 2 bytes, Stack size 0 bytes, use_no_semi_2.o(.text), UNUSED)

<P><STRONG><a name="[fc]"></a>__aeabi_uldivmod</STRONG> (Thumb, 0 bytes, Stack size 48 bytes, lludivv7m.o(.text))
<BR><BR>[Stack]<UL><LI>Max Depth = 48<LI>Call Chain = __aeabi_uldivmod
</UL>
<BR>[Called By]<UL><LI><a href="#[256]">&gt;&gt;</a>&nbsp;&nbsp;&nbsp;Write_Memory
<LI><a href="#[fb]">&gt;&gt;</a>&nbsp;&nbsp;&nbsp;_ll_sdiv
</UL>

<P><STRONG><a name="[4ee]"></a>_ll_udiv</STRONG> (Thumb, 238 bytes, Stack size 48 bytes, lludivv7m.o(.text), UNUSED)

<P><STRONG><a name="[2f0]"></a>__aeabi_ldivmod</STRONG> (Thumb, 0 bytes, Stack size 8 bytes, llsdiv.o(.text))
<BR><BR>[Stack]<UL><LI>Max Depth = 8<LI>Call Chain = __aeabi_ldivmod
</UL>
<BR>[Called By]<UL><LI><a href="#[2ef]">&gt;&gt;</a>&nbsp;&nbsp;&nbsp;disk_ioctl
</UL>

<P><STRONG><a name="[fb]"></a>_ll_sdiv</STRONG> (Thumb, 72 bytes, Stack size 8 bytes, llsdiv.o(.text), UNUSED)
<BR><BR>[Calls]<UL><LI><a href="#[fc]">&gt;&gt;</a>&nbsp;&nbsp;&nbsp;__aeabi_uldivmod
</UL>

<P><STRONG><a name="[fd]"></a>toupper</STRONG> (Thumb, 30 bytes, Stack size 8 bytes, toupper.o(.text))
<BR><BR>[Stack]<UL><LI>Max Depth = 16<LI>Call Chain = toupper &rArr; __rt_ctype_table
</UL>
<BR>[Calls]<UL><LI><a href="#[fe]">&gt;&gt;</a>&nbsp;&nbsp;&nbsp;__rt_ctype_table
</UL>
<BR>[Called By]<UL><LI><a href="#[37a]">&gt;&gt;</a>&nbsp;&nbsp;&nbsp;ini_getl
</UL>

<P><STRONG><a name="[ff]"></a>__c89vsprintf</STRONG> (Thumb, 32 bytes, Stack size 16 bytes, c89vsprintf.o(.text))
<BR><BR>[Stack]<UL><LI>Max Depth = 120 + Unknown Stack Size
<LI>Call Chain = __c89vsprintf &rArr; _printf_char_common &rArr; __printf
</UL>
<BR>[Calls]<UL><LI><a href="#[72]">&gt;&gt;</a>&nbsp;&nbsp;&nbsp;_sputc
<LI><a href="#[100]">&gt;&gt;</a>&nbsp;&nbsp;&nbsp;_printf_char_common
</UL>
<BR>[Called By]<UL><LI><a href="#[2a2]">&gt;&gt;</a>&nbsp;&nbsp;&nbsp;USART2_vspf
</UL>

<P><STRONG><a name="[101]"></a>__c89vsnprintf</STRONG> (Thumb, 48 bytes, Stack size 24 bytes, c89vsnprintf.o(.text))
<BR><BR>[Stack]<UL><LI>Max Depth = 128 + Unknown Stack Size
<LI>Call Chain = __c89vsnprintf &rArr; _printf_char_common &rArr; __printf
</UL>
<BR>[Calls]<UL><LI><a href="#[72]">&gt;&gt;</a>&nbsp;&nbsp;&nbsp;_sputc
<LI><a href="#[100]">&gt;&gt;</a>&nbsp;&nbsp;&nbsp;_printf_char_common
</UL>
<BR>[Called By]<UL><LI><a href="#[211]">&gt;&gt;</a>&nbsp;&nbsp;&nbsp;Printf
</UL>

<P><STRONG><a name="[102]"></a>__2printf</STRONG> (Thumb, 20 bytes, Stack size 24 bytes, __2printf.o(.text))
<BR><BR>[Stack]<UL><LI>Max Depth = 144 + Unknown Stack Size
<LI>Call Chain = __2printf &rArr; _printf_char_file &rArr; _printf_char_common &rArr; __printf
</UL>
<BR>[Calls]<UL><LI><a href="#[103]">&gt;&gt;</a>&nbsp;&nbsp;&nbsp;_printf_char_file
</UL>
<BR>[Called By]<UL><LI><a href="#[46d]">&gt;&gt;</a>&nbsp;&nbsp;&nbsp;tcp_client_test
<LI><a href="#[2ae]">&gt;&gt;</a>&nbsp;&nbsp;&nbsp;pvPortMalloc
<LI><a href="#[27c]">&gt;&gt;</a>&nbsp;&nbsp;&nbsp;xTaskResumeAll
<LI><a href="#[216]">&gt;&gt;</a>&nbsp;&nbsp;&nbsp;vTaskDelay
<LI><a href="#[2b1]">&gt;&gt;</a>&nbsp;&nbsp;&nbsp;W25QXX_Erase_Sector
<LI><a href="#[188]">&gt;&gt;</a>&nbsp;&nbsp;&nbsp;xQueueGiveFromISR
<LI><a href="#[184]">&gt;&gt;</a>&nbsp;&nbsp;&nbsp;pbuf_free
<LI><a href="#[183]">&gt;&gt;</a>&nbsp;&nbsp;&nbsp;pbuf_alloc
<LI><a href="#[4b]">&gt;&gt;</a>&nbsp;&nbsp;&nbsp;EXTI9_5_IRQHandler
<LI><a href="#[187]">&gt;&gt;</a>&nbsp;&nbsp;&nbsp;DMA9000_ISRHandler
<LI><a href="#[185]">&gt;&gt;</a>&nbsp;&nbsp;&nbsp;xQueueGenericSend
<LI><a href="#[16b]">&gt;&gt;</a>&nbsp;&nbsp;&nbsp;xQueueGenericReceive
<LI><a href="#[2ad]">&gt;&gt;</a>&nbsp;&nbsp;&nbsp;xQueueGenericCreate
<LI><a href="#[3bd]">&gt;&gt;</a>&nbsp;&nbsp;&nbsp;vTaskStartScheduler
<LI><a href="#[21a]">&gt;&gt;</a>&nbsp;&nbsp;&nbsp;vTaskDelayUntil
<LI><a href="#[90]">&gt;&gt;</a>&nbsp;&nbsp;&nbsp;camera_task
<LI><a href="#[f4]">&gt;&gt;</a>&nbsp;&nbsp;&nbsp;main
<LI><a href="#[8c]">&gt;&gt;</a>&nbsp;&nbsp;&nbsp;MainTask
<LI><a href="#[2a0]">&gt;&gt;</a>&nbsp;&nbsp;&nbsp;vPortExitCritical
<LI><a href="#[29f]">&gt;&gt;</a>&nbsp;&nbsp;&nbsp;vPortEnterCritical
<LI><a href="#[420]">&gt;&gt;</a>&nbsp;&nbsp;&nbsp;snmp_varbind_alloc
<LI><a href="#[325]">&gt;&gt;</a>&nbsp;&nbsp;&nbsp;vPortFree
<LI><a href="#[95]">&gt;&gt;</a>&nbsp;&nbsp;&nbsp;prvTaskExitError
<LI><a href="#[3f4]">&gt;&gt;</a>&nbsp;&nbsp;&nbsp;xTimerGenericCommand
<LI><a href="#[3f9]">&gt;&gt;</a>&nbsp;&nbsp;&nbsp;prvSwitchTimerLists
<LI><a href="#[3f5]">&gt;&gt;</a>&nbsp;&nbsp;&nbsp;prvProcessReceivedCommands
<LI><a href="#[3f3]">&gt;&gt;</a>&nbsp;&nbsp;&nbsp;prvProcessExpiredTimer
<LI><a href="#[4a6]">&gt;&gt;</a>&nbsp;&nbsp;&nbsp;xTimerCreateTimerTask
<LI><a href="#[4ab]">&gt;&gt;</a>&nbsp;&nbsp;&nbsp;xTaskIncrementTick
<LI><a href="#[fa]">&gt;&gt;</a>&nbsp;&nbsp;&nbsp;vTaskSwitchContext
<LI><a href="#[2c3]">&gt;&gt;</a>&nbsp;&nbsp;&nbsp;vTaskSuspend
<LI><a href="#[2c5]">&gt;&gt;</a>&nbsp;&nbsp;&nbsp;vTaskResume
<LI><a href="#[3fa]">&gt;&gt;</a>&nbsp;&nbsp;&nbsp;prvTaskIsTaskSuspended
<LI><a href="#[3eb]">&gt;&gt;</a>&nbsp;&nbsp;&nbsp;prvInitialiseNewTask
<LI><a href="#[3f2]">&gt;&gt;</a>&nbsp;&nbsp;&nbsp;xTaskRemoveFromEventList
<LI><a href="#[3e7]">&gt;&gt;</a>&nbsp;&nbsp;&nbsp;xTaskPriorityDisinherit
<LI><a href="#[4ad]">&gt;&gt;</a>&nbsp;&nbsp;&nbsp;xTaskCheckForTimeOut
<LI><a href="#[4a5]">&gt;&gt;</a>&nbsp;&nbsp;&nbsp;vTaskSetTimeOutState
<LI><a href="#[4a2]">&gt;&gt;</a>&nbsp;&nbsp;&nbsp;vTaskPlaceOnEventListRestricted
<LI><a href="#[4a3]">&gt;&gt;</a>&nbsp;&nbsp;&nbsp;vTaskPlaceOnEventList
<LI><a href="#[4a0]">&gt;&gt;</a>&nbsp;&nbsp;&nbsp;vPortValidateInterruptPriority
<LI><a href="#[45a]">&gt;&gt;</a>&nbsp;&nbsp;&nbsp;xQueueGenericSendFromISR
<LI><a href="#[3ea]">&gt;&gt;</a>&nbsp;&nbsp;&nbsp;xQueueGenericReset
<LI><a href="#[45c]">&gt;&gt;</a>&nbsp;&nbsp;&nbsp;xQueueCreateCountingSemaphore
<LI><a href="#[3f1]">&gt;&gt;</a>&nbsp;&nbsp;&nbsp;prvNotifyQueueSetContainer
<LI><a href="#[3c7]">&gt;&gt;</a>&nbsp;&nbsp;&nbsp;mem_trim
<LI><a href="#[358]">&gt;&gt;</a>&nbsp;&nbsp;&nbsp;mem_malloc
<LI><a href="#[35d]">&gt;&gt;</a>&nbsp;&nbsp;&nbsp;mem_free
<LI><a href="#[3c4]">&gt;&gt;</a>&nbsp;&nbsp;&nbsp;plug_holes
<LI><a href="#[3ac]">&gt;&gt;</a>&nbsp;&nbsp;&nbsp;mem_init
<LI><a href="#[34c]">&gt;&gt;</a>&nbsp;&nbsp;&nbsp;pbuf_cat
<LI><a href="#[382]">&gt;&gt;</a>&nbsp;&nbsp;&nbsp;pbuf_alloced_custom
<LI><a href="#[385]">&gt;&gt;</a>&nbsp;&nbsp;&nbsp;memp_malloc
<LI><a href="#[386]">&gt;&gt;</a>&nbsp;&nbsp;&nbsp;memp_free
<LI><a href="#[86]">&gt;&gt;</a>&nbsp;&nbsp;&nbsp;ipfrag_free_pbuf_custom
<LI><a href="#[39a]">&gt;&gt;</a>&nbsp;&nbsp;&nbsp;ip_reass_free_complete_datagram
<LI><a href="#[399]">&gt;&gt;</a>&nbsp;&nbsp;&nbsp;ip_reass_dequeue_datagram
<LI><a href="#[398]">&gt;&gt;</a>&nbsp;&nbsp;&nbsp;ip_reass_chain_frag_into_datagram_and_validate
<LI><a href="#[383]">&gt;&gt;</a>&nbsp;&nbsp;&nbsp;ip_frag_free_pbuf_custom_ref
<LI><a href="#[38f]">&gt;&gt;</a>&nbsp;&nbsp;&nbsp;udp_input
<LI><a href="#[390]">&gt;&gt;</a>&nbsp;&nbsp;&nbsp;tcp_input
<LI><a href="#[38a]">&gt;&gt;</a>&nbsp;&nbsp;&nbsp;pbuf_realloc
<LI><a href="#[37f]">&gt;&gt;</a>&nbsp;&nbsp;&nbsp;ip_frag
<LI><a href="#[372]">&gt;&gt;</a>&nbsp;&nbsp;&nbsp;ip_output_if
<LI><a href="#[374]">&gt;&gt;</a>&nbsp;&nbsp;&nbsp;ip_output
<LI><a href="#[36b]">&gt;&gt;</a>&nbsp;&nbsp;&nbsp;icmp_input
<LI><a href="#[36a]">&gt;&gt;</a>&nbsp;&nbsp;&nbsp;icmp_send_response
<LI><a href="#[30a]">&gt;&gt;</a>&nbsp;&nbsp;&nbsp;snmp_insert_arpidx_tree
<LI><a href="#[300]">&gt;&gt;</a>&nbsp;&nbsp;&nbsp;snmp_delete_arpidx_tree
<LI><a href="#[301]">&gt;&gt;</a>&nbsp;&nbsp;&nbsp;pbuf_header
<LI><a href="#[307]">&gt;&gt;</a>&nbsp;&nbsp;&nbsp;pbuf_copy
<LI><a href="#[304]">&gt;&gt;</a>&nbsp;&nbsp;&nbsp;etharp_query
<LI><a href="#[7e]">&gt;&gt;</a>&nbsp;&nbsp;&nbsp;etharp_output
<LI><a href="#[2bd]">&gt;&gt;</a>&nbsp;&nbsp;&nbsp;etharp_find_addr
<LI><a href="#[2fc]">&gt;&gt;</a>&nbsp;&nbsp;&nbsp;etharp_update_arp_entry
<LI><a href="#[305]">&gt;&gt;</a>&nbsp;&nbsp;&nbsp;etharp_send_ip
<LI><a href="#[309]">&gt;&gt;</a>&nbsp;&nbsp;&nbsp;etharp_raw
<LI><a href="#[303]">&gt;&gt;</a>&nbsp;&nbsp;&nbsp;etharp_output_to_arp_index
<LI><a href="#[2fe]">&gt;&gt;</a>&nbsp;&nbsp;&nbsp;etharp_find_entry
<LI><a href="#[2fb]">&gt;&gt;</a>&nbsp;&nbsp;&nbsp;etharp_arp_input
<LI><a href="#[3c6]">&gt;&gt;</a>&nbsp;&nbsp;&nbsp;sys_sem_new
<LI><a href="#[3a4]">&gt;&gt;</a>&nbsp;&nbsp;&nbsp;tcpip_init
<LI><a href="#[3a5]">&gt;&gt;</a>&nbsp;&nbsp;&nbsp;netif_add
<LI><a href="#[89]">&gt;&gt;</a>&nbsp;&nbsp;&nbsp;ethernetif_init
<LI><a href="#[88]">&gt;&gt;</a>&nbsp;&nbsp;&nbsp;ethernet_input
<LI><a href="#[416]">&gt;&gt;</a>&nbsp;&nbsp;&nbsp;snmp_insert_udpidx_tree
<LI><a href="#[49e]">&gt;&gt;</a>&nbsp;&nbsp;&nbsp;udp_sendto_if
<LI><a href="#[414]">&gt;&gt;</a>&nbsp;&nbsp;&nbsp;udp_bind
<LI><a href="#[2ba]">&gt;&gt;</a>&nbsp;&nbsp;&nbsp;sys_timeout
<LI><a href="#[35e]">&gt;&gt;</a>&nbsp;&nbsp;&nbsp;tcp_write
<LI><a href="#[492]">&gt;&gt;</a>&nbsp;&nbsp;&nbsp;tcp_write_checks
<LI><a href="#[487]">&gt;&gt;</a>&nbsp;&nbsp;&nbsp;tcp_pbuf_prealloc
<LI><a href="#[481]">&gt;&gt;</a>&nbsp;&nbsp;&nbsp;tcp_output_alloc_header
<LI><a href="#[488]">&gt;&gt;</a>&nbsp;&nbsp;&nbsp;tcp_receive
<LI><a href="#[47f]">&gt;&gt;</a>&nbsp;&nbsp;&nbsp;tcp_process
<LI><a href="#[462]">&gt;&gt;</a>&nbsp;&nbsp;&nbsp;tcp_rst
<LI><a href="#[352]">&gt;&gt;</a>&nbsp;&nbsp;&nbsp;tcp_output
<LI><a href="#[475]">&gt;&gt;</a>&nbsp;&nbsp;&nbsp;tcp_enqueue_flags
<LI><a href="#[48b]">&gt;&gt;</a>&nbsp;&nbsp;&nbsp;tcp_update_rcv_ann_wnd
<LI><a href="#[48f]">&gt;&gt;</a>&nbsp;&nbsp;&nbsp;tcp_slowtmr
<LI><a href="#[341]">&gt;&gt;</a>&nbsp;&nbsp;&nbsp;tcp_sent
<LI><a href="#[356]">&gt;&gt;</a>&nbsp;&nbsp;&nbsp;tcp_recved
<LI><a href="#[33e]">&gt;&gt;</a>&nbsp;&nbsp;&nbsp;tcp_recv
<LI><a href="#[340]">&gt;&gt;</a>&nbsp;&nbsp;&nbsp;tcp_poll
<LI><a href="#[460]">&gt;&gt;</a>&nbsp;&nbsp;&nbsp;tcp_pcb_remove
<LI><a href="#[365]">&gt;&gt;</a>&nbsp;&nbsp;&nbsp;tcp_listen_with_backlog
<LI><a href="#[33f]">&gt;&gt;</a>&nbsp;&nbsp;&nbsp;tcp_err
<LI><a href="#[46e]">&gt;&gt;</a>&nbsp;&nbsp;&nbsp;tcp_connect
<LI><a href="#[364]">&gt;&gt;</a>&nbsp;&nbsp;&nbsp;tcp_bind
<LI><a href="#[45f]">&gt;&gt;</a>&nbsp;&nbsp;&nbsp;tcp_abandon
<LI><a href="#[46f]">&gt;&gt;</a>&nbsp;&nbsp;&nbsp;tcp_close_shutdown
<LI><a href="#[3d9]">&gt;&gt;</a>&nbsp;&nbsp;&nbsp;raw_sendto
<LI><a href="#[3d4]">&gt;&gt;</a>&nbsp;&nbsp;&nbsp;pbuf_take
<LI><a href="#[34d]">&gt;&gt;</a>&nbsp;&nbsp;&nbsp;pbuf_copy_partial
<LI><a href="#[3d1]">&gt;&gt;</a>&nbsp;&nbsp;&nbsp;snmp_insert_ipaddridx_tree
<LI><a href="#[3cd]">&gt;&gt;</a>&nbsp;&nbsp;&nbsp;snmp_delete_iprteidx_tree
<LI><a href="#[3d0]">&gt;&gt;</a>&nbsp;&nbsp;&nbsp;snmp_delete_ipaddridx_tree
<LI><a href="#[2f2]">&gt;&gt;</a>&nbsp;&nbsp;&nbsp;disk_write
<LI><a href="#[a9]">&gt;&gt;</a>&nbsp;&nbsp;&nbsp;tcpip_thread
<LI><a href="#[3be]">&gt;&gt;</a>&nbsp;&nbsp;&nbsp;md5_test
<LI><a href="#[46b]">&gt;&gt;</a>&nbsp;&nbsp;&nbsp;write_sd_test
<LI><a href="#[a2]">&gt;&gt;</a>&nbsp;&nbsp;&nbsp;tcp_client_recv
<LI><a href="#[a5]">&gt;&gt;</a>&nbsp;&nbsp;&nbsp;tcp_client_poll
<LI><a href="#[ad]">&gt;&gt;</a>&nbsp;&nbsp;&nbsp;LEDS_CGI_Handler
<LI><a href="#[368]">&gt;&gt;</a>&nbsp;&nbsp;&nbsp;md5_json
<LI><a href="#[355]">&gt;&gt;</a>&nbsp;&nbsp;&nbsp;httpd_post_receive_data
<LI><a href="#[343]">&gt;&gt;</a>&nbsp;&nbsp;&nbsp;httpd_post_finished
<LI><a href="#[353]">&gt;&gt;</a>&nbsp;&nbsp;&nbsp;httpd_post_begin
<LI><a href="#[35b]">&gt;&gt;</a>&nbsp;&nbsp;&nbsp;http_set_ssi_handler
<LI><a href="#[35a]">&gt;&gt;</a>&nbsp;&nbsp;&nbsp;http_set_cgi_handlers
<LI><a href="#[328]">&gt;&gt;</a>&nbsp;&nbsp;&nbsp;first_post_data_json_test
<LI><a href="#[3d6]">&gt;&gt;</a>&nbsp;&nbsp;&nbsp;ping_send
<LI><a href="#[362]">&gt;&gt;</a>&nbsp;&nbsp;&nbsp;httpd_init_addr
<LI><a href="#[359]">&gt;&gt;</a>&nbsp;&nbsp;&nbsp;http_write
<LI><a href="#[351]">&gt;&gt;</a>&nbsp;&nbsp;&nbsp;http_send_data
<LI><a href="#[80]">&gt;&gt;</a>&nbsp;&nbsp;&nbsp;http_recv
<LI><a href="#[34b]">&gt;&gt;</a>&nbsp;&nbsp;&nbsp;http_parse_request
<LI><a href="#[348]">&gt;&gt;</a>&nbsp;&nbsp;&nbsp;http_init_file
<LI><a href="#[346]">&gt;&gt;</a>&nbsp;&nbsp;&nbsp;http_find_file
<LI><a href="#[342]">&gt;&gt;</a>&nbsp;&nbsp;&nbsp;http_close_conn
<LI><a href="#[84]">&gt;&gt;</a>&nbsp;&nbsp;&nbsp;http_accept
<LI><a href="#[334]">&gt;&gt;</a>&nbsp;&nbsp;&nbsp;get_tag_insert
<LI><a href="#[1b9]">&gt;&gt;</a>&nbsp;&nbsp;&nbsp;ISIP
<LI><a href="#[168]">&gt;&gt;</a>&nbsp;&nbsp;&nbsp;Camera
<LI><a href="#[3b6]">&gt;&gt;</a>&nbsp;&nbsp;&nbsp;snmp_mib_node_insert
<LI><a href="#[409]">&gt;&gt;</a>&nbsp;&nbsp;&nbsp;snmp_mib_node_find
<LI><a href="#[40a]">&gt;&gt;</a>&nbsp;&nbsp;&nbsp;snmp_mib_node_delete
<LI><a href="#[40e]">&gt;&gt;</a>&nbsp;&nbsp;&nbsp;snmp_expand_tree
<LI><a href="#[3fe]">&gt;&gt;</a>&nbsp;&nbsp;&nbsp;push_node
<LI><a href="#[169]">&gt;&gt;</a>&nbsp;&nbsp;&nbsp;Camera_init
<LI><a href="#[1c]">&gt;&gt;</a>&nbsp;&nbsp;&nbsp;sensorentry_idcmp
<LI><a href="#[1d]">&gt;&gt;</a>&nbsp;&nbsp;&nbsp;sensorentry_get_subid
<LI><a href="#[c5]">&gt;&gt;</a>&nbsp;&nbsp;&nbsp;emmp_set_value
<LI><a href="#[c4]">&gt;&gt;</a>&nbsp;&nbsp;&nbsp;emmp_set_test
<LI><a href="#[c3]">&gt;&gt;</a>&nbsp;&nbsp;&nbsp;emmp_get_value
<LI><a href="#[c2]">&gt;&gt;</a>&nbsp;&nbsp;&nbsp;emmp_get_object_def
<LI><a href="#[3b5]">&gt;&gt;</a>&nbsp;&nbsp;&nbsp;lwip_privmib_init
<LI><a href="#[422]">&gt;&gt;</a>&nbsp;&nbsp;&nbsp;snmp_pdu_dec_varbindlist
<LI><a href="#[419]">&gt;&gt;</a>&nbsp;&nbsp;&nbsp;snmp_msg_getnext_event
<LI><a href="#[41a]">&gt;&gt;</a>&nbsp;&nbsp;&nbsp;snmp_msg_get_event
<LI><a href="#[a0]">&gt;&gt;</a>&nbsp;&nbsp;&nbsp;udpentry_get_value
<LI><a href="#[b4]">&gt;&gt;</a>&nbsp;&nbsp;&nbsp;udp_get_value
<LI><a href="#[b6]">&gt;&gt;</a>&nbsp;&nbsp;&nbsp;tcp_get_value
<LI><a href="#[b5]">&gt;&gt;</a>&nbsp;&nbsp;&nbsp;tcp_get_object_def
<LI><a href="#[c1]">&gt;&gt;</a>&nbsp;&nbsp;&nbsp;system_set_value
<LI><a href="#[c0]">&gt;&gt;</a>&nbsp;&nbsp;&nbsp;system_set_test
<LI><a href="#[bf]">&gt;&gt;</a>&nbsp;&nbsp;&nbsp;system_get_value
<LI><a href="#[be]">&gt;&gt;</a>&nbsp;&nbsp;&nbsp;system_get_object_def
<LI><a href="#[b2]">&gt;&gt;</a>&nbsp;&nbsp;&nbsp;snmp_set_value
<LI><a href="#[b1]">&gt;&gt;</a>&nbsp;&nbsp;&nbsp;snmp_set_test
<LI><a href="#[b0]">&gt;&gt;</a>&nbsp;&nbsp;&nbsp;snmp_get_value
<LI><a href="#[af]">&gt;&gt;</a>&nbsp;&nbsp;&nbsp;snmp_get_object_def
<LI><a href="#[bb]">&gt;&gt;</a>&nbsp;&nbsp;&nbsp;ip_set_test
<LI><a href="#[9e]">&gt;&gt;</a>&nbsp;&nbsp;&nbsp;ip_rteentry_get_value
<LI><a href="#[9d]">&gt;&gt;</a>&nbsp;&nbsp;&nbsp;ip_rteentry_get_object_def
<LI><a href="#[9a]">&gt;&gt;</a>&nbsp;&nbsp;&nbsp;ip_ntomentry_get_value
<LI><a href="#[99]">&gt;&gt;</a>&nbsp;&nbsp;&nbsp;ip_ntomentry_get_object_def
<LI><a href="#[ba]">&gt;&gt;</a>&nbsp;&nbsp;&nbsp;ip_get_value
<LI><a href="#[b9]">&gt;&gt;</a>&nbsp;&nbsp;&nbsp;ip_get_object_def
<LI><a href="#[9c]">&gt;&gt;</a>&nbsp;&nbsp;&nbsp;ip_addrentry_get_value
<LI><a href="#[9b]">&gt;&gt;</a>&nbsp;&nbsp;&nbsp;ip_addrentry_get_object_def
<LI><a href="#[1a]">&gt;&gt;</a>&nbsp;&nbsp;&nbsp;ifentry_get_value
<LI><a href="#[19]">&gt;&gt;</a>&nbsp;&nbsp;&nbsp;ifentry_get_object_def
<LI><a href="#[b8]">&gt;&gt;</a>&nbsp;&nbsp;&nbsp;icmp_get_value
<LI><a href="#[98]">&gt;&gt;</a>&nbsp;&nbsp;&nbsp;atentry_get_value
</UL>

<P><STRONG><a name="[104]"></a>__2sprintf</STRONG> (Thumb, 38 bytes, Stack size 32 bytes, __2sprintf.o(.text))
<BR><BR>[Stack]<UL><LI>Max Depth = 136 + Unknown Stack Size
<LI>Call Chain = __2sprintf &rArr; _printf_char_common &rArr; __printf
</UL>
<BR>[Calls]<UL><LI><a href="#[72]">&gt;&gt;</a>&nbsp;&nbsp;&nbsp;_sputc
<LI><a href="#[100]">&gt;&gt;</a>&nbsp;&nbsp;&nbsp;_printf_char_common
</UL>
<BR>[Called By]<UL><LI><a href="#[46d]">&gt;&gt;</a>&nbsp;&nbsp;&nbsp;tcp_client_test
<LI><a href="#[217]">&gt;&gt;</a>&nbsp;&nbsp;&nbsp;SIM800C_CONNECT_SERVER
<LI><a href="#[94]">&gt;&gt;</a>&nbsp;&nbsp;&nbsp;trap_task
<LI><a href="#[20a]">&gt;&gt;</a>&nbsp;&nbsp;&nbsp;show_oled
<LI><a href="#[8e]">&gt;&gt;</a>&nbsp;&nbsp;&nbsp;MqttTask
<LI><a href="#[88]">&gt;&gt;</a>&nbsp;&nbsp;&nbsp;ethernet_input
<LI><a href="#[3be]">&gt;&gt;</a>&nbsp;&nbsp;&nbsp;md5_test
<LI><a href="#[46c]">&gt;&gt;</a>&nbsp;&nbsp;&nbsp;tcp_client_set_remoteip
<LI><a href="#[a5]">&gt;&gt;</a>&nbsp;&nbsp;&nbsp;tcp_client_poll
<LI><a href="#[2b0]">&gt;&gt;</a>&nbsp;&nbsp;&nbsp;UserMsgCtl
<LI><a href="#[1e2]">&gt;&gt;</a>&nbsp;&nbsp;&nbsp;MQTTClientInit
<LI><a href="#[1b9]">&gt;&gt;</a>&nbsp;&nbsp;&nbsp;ISIP
<LI><a href="#[1a9]">&gt;&gt;</a>&nbsp;&nbsp;&nbsp;GetCheckIP
<LI><a href="#[495]">&gt;&gt;</a>&nbsp;&nbsp;&nbsp;time_to_sd_path
<LI><a href="#[c2]">&gt;&gt;</a>&nbsp;&nbsp;&nbsp;emmp_get_object_def
<LI><a href="#[3b5]">&gt;&gt;</a>&nbsp;&nbsp;&nbsp;lwip_privmib_init
</UL>

<P><STRONG><a name="[105]"></a>__2snprintf</STRONG> (Thumb, 50 bytes, Stack size 40 bytes, __2snprintf.o(.text))
<BR><BR>[Stack]<UL><LI>Max Depth = 144 + Unknown Stack Size
<LI>Call Chain = __2snprintf &rArr; _printf_char_common &rArr; __printf
</UL>
<BR>[Calls]<UL><LI><a href="#[72]">&gt;&gt;</a>&nbsp;&nbsp;&nbsp;_sputc
<LI><a href="#[100]">&gt;&gt;</a>&nbsp;&nbsp;&nbsp;_printf_char_common
</UL>
<BR>[Called By]<UL><LI><a href="#[3be]">&gt;&gt;</a>&nbsp;&nbsp;&nbsp;md5_test
<LI><a href="#[a5]">&gt;&gt;</a>&nbsp;&nbsp;&nbsp;tcp_client_poll
<LI><a href="#[342]">&gt;&gt;</a>&nbsp;&nbsp;&nbsp;http_close_conn
</UL>

<P><STRONG><a name="[107]"></a>_printf_pre_padding</STRONG> (Thumb, 44 bytes, Stack size 16 bytes, _printf_pad.o(.text))
<BR><BR>[Stack]<UL><LI>Max Depth = 16<LI>Call Chain = _printf_pre_padding
</UL>
<BR>[Called By]<UL><LI><a href="#[106]">&gt;&gt;</a>&nbsp;&nbsp;&nbsp;_printf_str
<LI><a href="#[12a]">&gt;&gt;</a>&nbsp;&nbsp;&nbsp;_printf_fp_infnan
<LI><a href="#[12d]">&gt;&gt;</a>&nbsp;&nbsp;&nbsp;_printf_wctomb
<LI><a href="#[128]">&gt;&gt;</a>&nbsp;&nbsp;&nbsp;_printf_fp_dec_real
<LI><a href="#[10b]">&gt;&gt;</a>&nbsp;&nbsp;&nbsp;_printf_int_common
</UL>

<P><STRONG><a name="[108]"></a>_printf_post_padding</STRONG> (Thumb, 34 bytes, Stack size 16 bytes, _printf_pad.o(.text))
<BR><BR>[Stack]<UL><LI>Max Depth = 16<LI>Call Chain = _printf_post_padding
</UL>
<BR>[Called By]<UL><LI><a href="#[106]">&gt;&gt;</a>&nbsp;&nbsp;&nbsp;_printf_str
<LI><a href="#[12a]">&gt;&gt;</a>&nbsp;&nbsp;&nbsp;_printf_fp_infnan
<LI><a href="#[12d]">&gt;&gt;</a>&nbsp;&nbsp;&nbsp;_printf_wctomb
<LI><a href="#[128]">&gt;&gt;</a>&nbsp;&nbsp;&nbsp;_printf_fp_dec_real
<LI><a href="#[10b]">&gt;&gt;</a>&nbsp;&nbsp;&nbsp;_printf_int_common
</UL>

<P><STRONG><a name="[106]"></a>_printf_str</STRONG> (Thumb, 82 bytes, Stack size 16 bytes, _printf_str.o(.text))
<BR><BR>[Stack]<UL><LI>Max Depth = 32<LI>Call Chain = _printf_str &rArr; _printf_post_padding
</UL>
<BR>[Calls]<UL><LI><a href="#[108]">&gt;&gt;</a>&nbsp;&nbsp;&nbsp;_printf_post_padding
<LI><a href="#[107]">&gt;&gt;</a>&nbsp;&nbsp;&nbsp;_printf_pre_padding
</UL>
<BR>[Called By]<UL><LI><a href="#[12b]">&gt;&gt;</a>&nbsp;&nbsp;&nbsp;_printf_cs_common
</UL>

<P><STRONG><a name="[d3]"></a>_printf_int_dec</STRONG> (Thumb, 104 bytes, Stack size 24 bytes, _printf_dec.o(.text))
<BR><BR>[Stack]<UL><LI>Max Depth = 72<LI>Call Chain = _printf_int_dec &rArr; _printf_int_common &rArr; _printf_post_padding
</UL>
<BR>[Calls]<UL><LI><a href="#[10b]">&gt;&gt;</a>&nbsp;&nbsp;&nbsp;_printf_int_common
<LI><a href="#[10a]">&gt;&gt;</a>&nbsp;&nbsp;&nbsp;_printf_truncate_unsigned
<LI><a href="#[109]">&gt;&gt;</a>&nbsp;&nbsp;&nbsp;_printf_truncate_signed
</UL>
<BR>[Called By]<UL><LI><a href="#[d5]">&gt;&gt;</a>&nbsp;&nbsp;&nbsp;_printf_u
<LI><a href="#[d4]">&gt;&gt;</a>&nbsp;&nbsp;&nbsp;_printf_d
<LI><a href="#[d2]">&gt;&gt;</a>&nbsp;&nbsp;&nbsp;_printf_i
</UL>

<P><STRONG><a name="[10c]"></a>_printf_longlong_hex</STRONG> (Thumb, 86 bytes, Stack size 16 bytes, _printf_hex_int_ll_ptr.o(.text))
<BR><BR>[Stack]<UL><LI>Max Depth = 64<LI>Call Chain = _printf_longlong_hex &rArr; _printf_int_common &rArr; _printf_post_padding
</UL>
<BR>[Calls]<UL><LI><a href="#[10b]">&gt;&gt;</a>&nbsp;&nbsp;&nbsp;_printf_int_common
</UL>
<BR>[Called By]<UL><LI><a href="#[cd]">&gt;&gt;</a>&nbsp;&nbsp;&nbsp;_printf_hex_ptr
<LI><a href="#[e1]">&gt;&gt;</a>&nbsp;&nbsp;&nbsp;_printf_ll_hex
<LI><a href="#[d9]">&gt;&gt;</a>&nbsp;&nbsp;&nbsp;_printf_int_hex
</UL>

<P><STRONG><a name="[d9]"></a>_printf_int_hex</STRONG> (Thumb, 28 bytes, Stack size 16 bytes, _printf_hex_int_ll_ptr.o(.text))
<BR><BR>[Stack]<UL><LI>Max Depth = 80<LI>Call Chain = _printf_int_hex &rArr; _printf_longlong_hex &rArr; _printf_int_common &rArr; _printf_post_padding
</UL>
<BR>[Calls]<UL><LI><a href="#[10c]">&gt;&gt;</a>&nbsp;&nbsp;&nbsp;_printf_longlong_hex
<LI><a href="#[10a]">&gt;&gt;</a>&nbsp;&nbsp;&nbsp;_printf_truncate_unsigned
</UL>
<BR>[Called By]<UL><LI><a href="#[d8]">&gt;&gt;</a>&nbsp;&nbsp;&nbsp;_printf_x
</UL>

<P><STRONG><a name="[e1]"></a>_printf_ll_hex</STRONG> (Thumb, 12 bytes, Stack size 0 bytes, _printf_hex_int_ll_ptr.o(.text))
<BR><BR>[Stack]<UL><LI>Max Depth = 64<LI>Call Chain = _printf_ll_hex &rArr; _printf_longlong_hex &rArr; _printf_int_common &rArr; _printf_post_padding
</UL>
<BR>[Calls]<UL><LI><a href="#[10c]">&gt;&gt;</a>&nbsp;&nbsp;&nbsp;_printf_longlong_hex
</UL>
<BR>[Called By]<UL><LI><a href="#[e0]">&gt;&gt;</a>&nbsp;&nbsp;&nbsp;_printf_llx
</UL>

<P><STRONG><a name="[cd]"></a>_printf_hex_ptr</STRONG> (Thumb, 18 bytes, Stack size 0 bytes, _printf_hex_int_ll_ptr.o(.text))
<BR><BR>[Stack]<UL><LI>Max Depth = 64<LI>Call Chain = _printf_hex_ptr &rArr; _printf_longlong_hex &rArr; _printf_int_common &rArr; _printf_post_padding
</UL>
<BR>[Calls]<UL><LI><a href="#[10c]">&gt;&gt;</a>&nbsp;&nbsp;&nbsp;_printf_longlong_hex
</UL>
<BR>[Called By]<UL><LI><a href="#[cc]">&gt;&gt;</a>&nbsp;&nbsp;&nbsp;_printf_p
</UL>

[...]
</UL>
<BR>[Called By]<UL><LI><a href="#[41b]">&gt;&gt;</a>&nbsp;&nbsp;&nbsp;snmp_msg_set_event
<LI><a href="#[419]">&gt;&gt;</a>&nbsp;&nbsp;&nbsp;snmp_msg_getnext_event
<LI><a href="#[41a]">&gt;&gt;</a>&nbsp;&nbsp;&nbsp;snmp_msg_get_event
</UL>

<P><STRONG><a name="[422]"></a>snmp_pdu_dec_varbindlist</STRONG> (Thumb, 978 bytes, Stack size 320 bytes, msg_in.o(i.snmp_pdu_dec_varbindlist))
<BR><BR>[Stack]<UL><LI>Max Depth = 504 + Unknown Stack Size
<LI>Call Chain = snmp_pdu_dec_varbindlist &rArr; snmp_varbind_list_free &rArr; snmp_varbind_free &rArr; memp_free &rArr; __2printf &rArr; _printf_char_file &rArr; _printf_char_common &rArr; __printf
</UL>
<BR>[Calls]<UL><LI><a href="#[41c]">&gt;&gt;</a>&nbsp;&nbsp;&nbsp;snmp_varbind_tail_add
<LI><a href="#[32b]">&gt;&gt;</a>&nbsp;&nbsp;&nbsp;snmp_varbind_list_free
<LI><a href="#[420]">&gt;&gt;</a>&nbsp;&nbsp;&nbsp;snmp_varbind_alloc
<LI><a href="#[428]">&gt;&gt;</a>&nbsp;&nbsp;&nbsp;snmp_asn1_dec_u32t
<LI><a href="#[423]">&gt;&gt;</a>&nbsp;&nbsp;&nbsp;snmp_asn1_dec_type
<LI><a href="#[427]">&gt;&gt;</a>&nbsp;&nbsp;&nbsp;snmp_asn1_dec_s32t
<LI><a href="#[429]">&gt;&gt;</a>&nbsp;&nbsp;&nbsp;snmp_asn1_dec_raw
<LI><a href="#[426]">&gt;&gt;</a>&nbsp;&nbsp;&nbsp;snmp_asn1_dec_oid
<LI><a href="#[424]">&gt;&gt;</a>&nbsp;&nbsp;&nbsp;snmp_asn1_dec_length
<LI><a href="#[102]">&gt;&gt;</a>&nbsp;&nbsp;&nbsp;__2printf
<LI><a href="#[425]">&gt;&gt;</a>&nbsp;&nbsp;&nbsp;snmp_inc_snmpinasnparseerrs
<LI><a href="#[42a]">&gt;&gt;</a>&nbsp;&nbsp;&nbsp;snmp_add_snmpintotalsetvars
<LI><a href="#[42b]">&gt;&gt;</a>&nbsp;&nbsp;&nbsp;snmp_add_snmpintotalreqvars
</UL>
<BR>[Called By]<UL><LI><a href="#[96]">&gt;&gt;</a>&nbsp;&nbsp;&nbsp;snmp_recv
</UL>

<P><STRONG><a name="[42c]"></a>snmp_pdu_header_check</STRONG> (Thumb, 898 bytes, Stack size 56 bytes, msg_in.o(i.snmp_pdu_header_check))
<BR><BR>[Stack]<UL><LI>Max Depth = 744 + Unknown Stack Size
<LI>Call Chain = snmp_pdu_header_check &rArr; snmp_authfail_trap &rArr; snmp_send_trap &rArr; udp_sendto &rArr; udp_sendto_if &rArr; ip_output_if &rArr; ip_frag &rArr; pbuf_alloc &rArr; pbuf_free &rArr; mem_free &rArr; sys_arch_sem_wait &rArr; xQueueGenericReceive &rArr; prvUnlockQueue &rArr; prvNotifyQueueSetContainer &rArr; prvCopyDataToQueue &rArr; xTaskPriorityDisinherit &rArr; __2printf &rArr; _printf_char_file &rArr; _printf_char_common &rArr; __printf
</UL>
<BR>[Calls]<UL><LI><a href="#[423]">&gt;&gt;</a>&nbsp;&nbsp;&nbsp;snmp_asn1_dec_type
<LI><a href="#[427]">&gt;&gt;</a>&nbsp;&nbsp;&nbsp;snmp_asn1_dec_s32t
<LI><a href="#[429]">&gt;&gt;</a>&nbsp;&nbsp;&nbsp;snmp_asn1_dec_raw
<LI><a href="#[424]">&gt;&gt;</a>&nbsp;&nbsp;&nbsp;snmp_asn1_dec_length
<LI><a href="#[34e]">&gt;&gt;</a>&nbsp;&nbsp;&nbsp;strncmp
<LI><a href="#[404]">&gt;&gt;</a>&nbsp;&nbsp;&nbsp;snmp_authfail_trap
<LI><a href="#[433]">&gt;&gt;</a>&nbsp;&nbsp;&nbsp;snmp_inc_snmpintraps
<LI><a href="#[434]">&gt;&gt;</a>&nbsp;&nbsp;&nbsp;snmp_inc_snmpintoobigs
<LI><a href="#[432]">&gt;&gt;</a>&nbsp;&nbsp;&nbsp;snmp_inc_snmpinsetrequests
<LI><a href="#[437]">&gt;&gt;</a>&nbsp;&nbsp;&nbsp;snmp_inc_snmpinreadonlys
<LI><a href="#[435]">&gt;&gt;</a>&nbsp;&nbsp;&nbsp;snmp_inc_snmpinnosuchnames
<LI><a href="#[431]">&gt;&gt;</a>&nbsp;&nbsp;&nbsp;snmp_inc_snmpingetresponses
<LI><a href="#[42f]">&gt;&gt;</a>&nbsp;&nbsp;&nbsp;snmp_inc_snmpingetrequests
<LI><a href="#[430]">&gt;&gt;</a>&nbsp;&nbsp;&nbsp;snmp_inc_snmpingetnexts
<LI><a href="#[438]">&gt;&gt;</a>&nbsp;&nbsp;&nbsp;snmp_inc_snmpingenerrs
<LI><a href="#[42d]">&gt;&gt;</a>&nbsp;&nbsp;&nbsp;snmp_inc_snmpinbadversions
<LI><a href="#[436]">&gt;&gt;</a>&nbsp;&nbsp;&nbsp;snmp_inc_snmpinbadvalues
<LI><a href="#[42e]">&gt;&gt;</a>&nbsp;&nbsp;&nbsp;snmp_inc_snmpinbadcommunitynames
<LI><a href="#[425]">&gt;&gt;</a>&nbsp;&nbsp;&nbsp;snmp_inc_snmpinasnparseerrs
</UL>
<BR>[Called By]<UL><LI><a href="#[96]">&gt;&gt;</a>&nbsp;&nbsp;&nbsp;snmp_recv
</UL>

<P><STRONG><a name="[96]"></a>snmp_recv</STRONG> (Thumb, 194 bytes, Stack size 48 bytes, msg_in.o(i.snmp_recv))
<BR><BR>[Stack]<UL><LI>Max Depth = 944 + Unknown Stack Size
<LI>Call Chain = snmp_recv &rArr; snmp_msg_event &rArr; snmp_msg_getnext_event &rArr; snmp_error_response &rArr; snmp_send_response &rArr; udp_send &rArr; udp_sendto &rArr; udp_sendto_if &rArr; ip_output_if &rArr; ip_frag &rArr; pbuf_alloc &rArr; pbuf_free &rArr; mem_free &rArr; sys_arch_sem_wait &rArr; xQueueGenericReceive &rArr; prvUnlockQueue &rArr; prvNotifyQueueSetContainer &rArr; prvCopyDataToQueue &rArr; xTaskPriorityDisinherit &rArr; __2printf &rArr; _printf_char_file &rArr; _printf_char_common &rArr; __printf
</UL>
<BR>[Calls]<UL><LI><a href="#[184]">&gt;&gt;</a>&nbsp;&nbsp;&nbsp;pbuf_free
<LI><a href="#[402]">&gt;&gt;</a>&nbsp;&nbsp;&nbsp;snmp_msg_event
<LI><a href="#[42c]">&gt;&gt;</a>&nbsp;&nbsp;&nbsp;snmp_pdu_header_check
<LI><a href="#[422]">&gt;&gt;</a>&nbsp;&nbsp;&nbsp;snmp_pdu_dec_varbindlist
<LI><a href="#[439]">&gt;&gt;</a>&nbsp;&nbsp;&nbsp;snmp_inc_snmpinpkts
</UL>
<BR>[Address Reference Count : 1]<UL><LI> msg_in.o(i.snmp_init)
</UL>
<P><STRONG><a name="[43a]"></a>snmp_resp_header_enc</STRONG> (Thumb, 402 bytes, Stack size 16 bytes, msg_out.o(i.snmp_resp_header_enc))
<BR><BR>[Stack]<UL><LI>Max Depth = 36<LI>Call Chain = snmp_resp_header_enc &rArr; snmp_asn1_enc_s32t
</UL>
<BR>[Calls]<UL><LI><a href="#[43b]">&gt;&gt;</a>&nbsp;&nbsp;&nbsp;snmp_asn1_enc_type
<LI><a href="#[43d]">&gt;&gt;</a>&nbsp;&nbsp;&nbsp;snmp_asn1_enc_s32t
<LI><a href="#[43e]">&gt;&gt;</a>&nbsp;&nbsp;&nbsp;snmp_asn1_enc_raw
<LI><a href="#[43c]">&gt;&gt;</a>&nbsp;&nbsp;&nbsp;snmp_asn1_enc_length
</UL>
<BR>[Called By]<UL><LI><a href="#[40d]">&gt;&gt;</a>&nbsp;&nbsp;&nbsp;snmp_send_response
</UL>

<P><STRONG><a name="[43f]"></a>snmp_resp_header_sum</STRONG> (Thumb, 204 bytes, Stack size 24 bytes, msg_out.o(i.snmp_resp_header_sum))
<BR><BR>[Stack]<UL><LI>Max Depth = 24<LI>Call Chain = snmp_resp_header_sum
</UL>
<BR>[Calls]<UL><LI><a href="#[440]">&gt;&gt;</a>&nbsp;&nbsp;&nbsp;snmp_asn1_enc_s32t_cnt
<LI><a href="#[441]">&gt;&gt;</a>&nbsp;&nbsp;&nbsp;snmp_asn1_enc_length_cnt
</UL>
<BR>[Called By]<UL><LI><a href="#[40d]">&gt;&gt;</a>&nbsp;&nbsp;&nbsp;snmp_send_response
</UL>

<P><STRONG><a name="[44f]"></a>snmp_trap_header_enc</STRONG> (Thumb, 432 bytes, Stack size 16 bytes, msg_out.o(i.snmp_trap_header_enc))
<BR><BR>[Stack]<UL><LI>Max Depth = 48<LI>Call Chain = snmp_trap_header_enc &rArr; snmp_asn1_enc_oid
</UL>
<BR>[Calls]<UL><LI><a href="#[453]">&gt;&gt;</a>&nbsp;&nbsp;&nbsp;snmp_asn1_enc_u32t
<LI><a href="#[43b]">&gt;&gt;</a>&nbsp;&nbsp;&nbsp;snmp_asn1_enc_type
<LI><a href="#[43d]">&gt;&gt;</a>&nbsp;&nbsp;&nbsp;snmp_asn1_enc_s32t
<LI><a href="#[43e]">&gt;&gt;</a>&nbsp;&nbsp;&nbsp;snmp_asn1_enc_raw
<LI><a href="#[452]">&gt;&gt;</a>&nbsp;&nbsp;&nbsp;snmp_asn1_enc_oid
<LI><a href="#[43c]">&gt;&gt;</a>&nbsp;&nbsp;&nbsp;snmp_asn1_enc_length
</UL>
<BR>[Called By]<UL><LI><a href="#[406]">&gt;&gt;</a>&nbsp;&nbsp;&nbsp;snmp_send_trap
</UL>

<P><STRONG><a name="[44e]"></a>snmp_trap_header_sum</STRONG> (Thumb, 262 bytes, Stack size 24 bytes, msg_out.o(i.snmp_trap_header_sum))
<BR><BR>[Stack]<UL><LI>Max Depth = 36<LI>Call Chain = snmp_trap_header_sum &rArr; snmp_asn1_enc_oid_cnt
</UL>
<BR>[Calls]<UL><LI><a href="#[454]">&gt;&gt;</a>&nbsp;&nbsp;&nbsp;snmp_asn1_enc_u32t_cnt
<LI><a href="#[440]">&gt;&gt;</a>&nbsp;&nbsp;&nbsp;snmp_asn1_enc_s32t_cnt
<LI><a href="#[455]">&gt;&gt;</a>&nbsp;&nbsp;&nbsp;snmp_asn1_enc_oid_cnt
<LI><a href="#[441]">&gt;&gt;</a>&nbsp;&nbsp;&nbsp;snmp_asn1_enc_length_cnt
</UL>
<BR>[Called By]<UL><LI><a href="#[406]">&gt;&gt;</a>&nbsp;&nbsp;&nbsp;snmp_send_trap
</UL>

<P><STRONG><a name="[443]"></a>snmp_varbind_list_enc</STRONG> (Thumb, 308 bytes, Stack size 32 bytes, msg_out.o(i.snmp_varbind_list_enc))
<BR><BR>[Stack]<UL><LI>Max Depth = 64<LI>Call Chain = snmp_varbind_list_enc &rArr; snmp_asn1_enc_oid
</UL>
<BR>[Calls]<UL><LI><a href="#[453]">&gt;&gt;</a>&nbsp;&nbsp;&nbsp;snmp_asn1_enc_u32t
<LI><a href="#[43b]">&gt;&gt;</a>&nbsp;&nbsp;&nbsp;snmp_asn1_enc_type
<LI><a href="#[43d]">&gt;&gt;</a>&nbsp;&nbsp;&nbsp;snmp_asn1_enc_s32t
<LI><a href="#[43e]">&gt;&gt;</a>&nbsp;&nbsp;&nbsp;snmp_asn1_enc_raw
<LI><a href="#[452]">&gt;&gt;</a>&nbsp;&nbsp;&nbsp;snmp_asn1_enc_oid
<LI><a href="#[43c]">&gt;&gt;</a>&nbsp;&nbsp;&nbsp;snmp_asn1_enc_length
</UL>
<BR>[Called By]<UL><LI><a href="#[406]">&gt;&gt;</a>&nbsp;&nbsp;&nbsp;snmp_send_trap
<LI><a href="#[40d]">&gt;&gt;</a>&nbsp;&nbsp;&nbsp;snmp_send_response
</UL>

<P><STRONG><a name="[442]"></a>snmp_varbind_list_sum</STRONG> (Thumb, 242 bytes, Stack size 24 bytes, msg_out.o(i.snmp_varbind_list_sum))
<BR><BR>[Stack]<UL><LI>Max Depth = 36<LI>Call Chain = snmp_varbind_list_sum &rArr; snmp_asn1_enc_oid_cnt
</UL>
<BR>[Calls]<UL><LI><a href="#[454]">&gt;&gt;</a>&nbsp;&nbsp;&nbsp;snmp_asn1_enc_u32t_cnt
<LI><a href="#[440]">&gt;&gt;</a>&nbsp;&nbsp;&nbsp;snmp_asn1_enc_s32t_cnt
<LI><a href="#[455]">&gt;&gt;</a>&nbsp;&nbsp;&nbsp;snmp_asn1_enc_oid_cnt
<LI><a href="#[441]">&gt;&gt;</a>&nbsp;&nbsp;&nbsp;snmp_asn1_enc_length_cnt
</UL>
<BR>[Called By]<UL><LI><a href="#[406]">&gt;&gt;</a>&nbsp;&nbsp;&nbsp;snmp_send_trap
<LI><a href="#[40d]">&gt;&gt;</a>&nbsp;&nbsp;&nbsp;snmp_send_response
</UL>

<P><STRONG><a name="[2f9]"></a>char_arrays_to_strings</STRONG> (Thumb, 24 bytes, Stack size 8 bytes, lwip_prvmib.o(i.char_arrays_to_strings))
<BR><BR>[Stack]<UL><LI>Max Depth = 8<LI>Call Chain = char_arrays_to_strings
</UL>
<BR>[Called By]<UL><LI><a href="#[c2]">&gt;&gt;</a>&nbsp;&nbsp;&nbsp;emmp_get_object_def
</UL>

<P><STRONG><a name="[c2]"></a>emmp_get_object_def</STRONG> (Thumb, 222 bytes, Stack size 48 bytes, lwip_prvmib.o(i.emmp_get_object_def))
<BR><BR>[Stack]<UL><LI>Max Depth = 192 + Unknown Stack Size
<LI>Call Chain = emmp_get_object_def &rArr; __2printf &rArr; _printf_char_file &rArr; _printf_char_common &rArr; __printf
</UL>
<BR>[Calls]<UL><LI><a href="#[1b4]">&gt;&gt;</a>&nbsp;&nbsp;&nbsp;__aeabi_f2d
<LI><a href="#[1ba]">&gt;&gt;</a>&nbsp;&nbsp;&nbsp;strlen
<LI><a href="#[104]">&gt;&gt;</a>&nbsp;&nbsp;&nbsp;__2sprintf
<LI><a href="#[102]">&gt;&gt;</a>&nbsp;&nbsp;&nbsp;__2printf
<LI><a href="#[2f9]">&gt;&gt;</a>&nbsp;&nbsp;&nbsp;char_arrays_to_strings
</UL>
<BR>[Address Reference Count : 1]<UL><LI> lwip_prvmib.o(.constdata)
</UL>
<P><STRONG><a name="[c3]"></a>emmp_get_value</STRONG> (Thumb, 114 bytes, Stack size 24 bytes, lwip_prvmib.o(i.emmp_get_value))
<BR><BR>[Stack]<UL><LI>Max Depth = 168 + Unknown Stack Size
<LI>Call Chain = emmp_get_value &rArr; __2printf &rArr; _printf_char_file &rArr; _printf_char_common &rArr; __printf
</UL>
<BR>[Calls]<UL><LI><a href="#[102]">&gt;&gt;</a>&nbsp;&nbsp;&nbsp;__2printf
<LI><a href="#[2fa]">&gt;&gt;</a>&nbsp;&nbsp;&nbsp;ocstrncpy2
</UL>
<BR>[Address Reference Count : 1]<UL><LI> lwip_prvmib.o(.constdata)
</UL>
<P><STRONG><a name="[c4]"></a>emmp_set_test</STRONG> (Thumb, 56 bytes, Stack size 32 bytes, lwip_prvmib.o(i.emmp_set_test))
<BR><BR>[Stack]<UL><LI>Max Depth = 176 + Unknown Stack Size
<LI>Call Chain = emmp_set_test &rArr; __2printf &rArr; _printf_char_file &rArr; _printf_char_common &rArr; __printf
</UL>
<BR>[Calls]<UL><LI><a href="#[102]">&gt;&gt;</a>&nbsp;&nbsp;&nbsp;__2printf
</UL>
<BR>[Address Reference Count : 1]<UL><LI> lwip_prvmib.o(.constdata)
</UL>
<P><STRONG><a name="[c5]"></a>emmp_set_value</STRONG> (Thumb, 46 bytes, Stack size 24 bytes, lwip_prvmib.o(i.emmp_set_value))
<BR><BR>[Stack]<UL><LI>Max Depth = 168 + Unknown Stack Size
<LI>Call Chain = emmp_set_value &rArr; __2printf &rArr; _printf_char_file &rArr; _printf_char_common &rArr; __printf
</UL>
<BR>[Calls]<UL><LI><a href="#[102]">&gt;&gt;</a>&nbsp;&nbsp;&nbsp;__2printf
</UL>
<BR>[Address Reference Count : 1]<UL><LI> lwip_prvmib.o(.constdata)
</UL>
<P><STRONG><a name="[22]"></a>sensorentry_get_object_def_a</STRONG> (Thumb, 30 bytes, Stack size 8 bytes, lwip_prvmib.o(i.sensorentry_get_object_def_a))
<BR><BR>[Stack]<UL><LI>Max Depth = 8<LI>Call Chain = sensorentry_get_object_def_a
</UL>
<BR>[Address Reference Count : 1]<UL><LI> lwip_prvmib.o(.data)
</UL>
<P><STRONG><a name="[26]"></a>sensorentry_get_object_def_pc</STRONG> (Thumb, 2 bytes, Stack size 0 bytes, lwip_prvmib.o(i.sensorentry_get_object_def_pc))
<BR>[Address Reference Count : 1]<UL><LI> lwip_prvmib.o(.data)
</UL>
<P><STRONG><a name="[1e]"></a>sensorentry_get_object_def_q</STRONG> (Thumb, 34 bytes, Stack size 32 bytes, lwip_prvmib.o(i.sensorentry_get_object_def_q))
<BR><BR>[Stack]<UL><LI>Max Depth = 928 + Unknown Stack Size
<LI>Call Chain = sensorentry_get_object_def_q &rArr; snmp_msg_event &rArr; snmp_msg_getnext_event &rArr; snmp_error_response &rArr; snmp_send_response &rArr; udp_send &rArr; udp_sendto &rArr; udp_sendto_if &rArr; ip_output_if &rArr; ip_frag &rArr; pbuf_alloc &rArr; pbuf_free &rArr; mem_free &rArr; sys_arch_sem_wait &rArr; xQueueGenericReceive &rArr; prvUnlockQueue &rArr; prvNotifyQueueSetContainer &rArr; prvCopyDataToQueue &rArr; xTaskPriorityDisinherit &rArr; __2printf &rArr; _printf_char_file &rArr; _printf_char_common &rArr; __printf
</UL>
<BR>[Calls]<UL><LI><a href="#[402]">&gt;&gt;</a>&nbsp;&nbsp;&nbsp;snmp_msg_event
</UL>
<BR>[Address Reference Count : 1]<UL><LI> lwip_prvmib.o(.data)
</UL>
<P><STRONG><a name="[1d]"></a>sensorentry_get_subid</STRONG> (Thumb, 86 bytes, Stack size 32 bytes, lwip_prvmib.o(i.sensorentry_get_subid))
<BR><BR>[Stack]<UL><LI>Max Depth = 176 + Unknown Stack Size
<LI>Call Chain = sensorentry_get_subid &rArr; __2printf &rArr; _printf_char_file &rArr; _printf_char_common &rArr; __printf
</UL>
<BR>[Calls]<UL><LI><a href="#[102]">&gt;&gt;</a>&nbsp;&nbsp;&nbsp;__2printf
</UL>
<BR>[Address Reference Count : 1]<UL><LI> lwip_prvmib.o(.data)
</UL>
<P><STRONG><a name="[23]"></a>sensorentry_get_value_a</STRONG> (Thumb, 26 bytes, Stack size 16 bytes, lwip_prvmib.o(i.sensorentry_get_value_a))
<BR><BR>[Stack]<UL><LI>Max Depth = 16<LI>Call Chain = sensorentry_get_value_a
</UL>
<BR>[Address Reference Count : 1]<UL><LI> lwip_prvmib.o(.data)
</UL>
<P><STRONG><a name="[27]"></a>sensorentry_get_value_pc</STRONG> (Thumb, 2 bytes, Stack size 0 bytes, lwip_prvmib.o(i.sensorentry_get_value_pc))
<BR>[Address Reference Count : 1]<UL><LI> lwip_prvmib.o(.data)
</UL>
<P><STRONG><a name="[1f]"></a>sensorentry_get_value_q</STRONG> (Thumb, 14 bytes, Stack size 16 bytes, lwip_prvmib.o(i.sensorentry_get_value_q))
<BR><BR>[Stack]<UL><LI>Max Depth = 912 + Unknown Stack Size
<LI>Call Chain = sensorentry_get_value_q &rArr; snmp_msg_event &rArr; snmp_msg_getnext_event &rArr; snmp_error_response &rArr; snmp_send_response &rArr; udp_send &rArr; udp_sendto &rArr; udp_sendto_if &rArr; ip_output_if &rArr; ip_frag &rArr; pbuf_alloc &rArr; pbuf_free &rArr; mem_free &rArr; sys_arch_sem_wait &rArr; xQueueGenericReceive &rArr; prvUnlockQueue &rArr; prvNotifyQueueSetContainer &rArr; prvCopyDataToQueue &rArr; xTaskPriorityDisinherit &rArr; __2printf &rArr; _printf_char_file &rArr; _printf_char_common &rArr; __printf
</UL>
<BR>[Calls]<UL><LI><a href="#[402]">&gt;&gt;</a>&nbsp;&nbsp;&nbsp;snmp_msg_event
</UL>
<BR>[Address Reference Count : 1]<UL><LI> lwip_prvmib.o(.data)
</UL>
<P><STRONG><a name="[1c]"></a>sensorentry_idcmp</STRONG> (Thumb, 90 bytes, Stack size 32 bytes, lwip_prvmib.o(i.sensorentry_idcmp))
<BR><BR>[Stack]<UL><LI>Max Depth = 176 + Unknown Stack Size
<LI>Call Chain = sensorentry_idcmp &rArr; __2printf &rArr; _printf_char_file &rArr; _printf_char_common &rArr; __printf
</UL>
<BR>[Calls]<UL><LI><a href="#[102]">&gt;&gt;</a>&nbsp;&nbsp;&nbsp;__2printf
</UL>
<BR>[Address Reference Count : 1]<UL><LI> lwip_prvmib.o(.data)
</UL>
<P><STRONG><a name="[1b]"></a>sensorentry_length</STRONG> (Thumb, 24 bytes, Stack size 0 bytes, lwip_prvmib.o(i.sensorentry_length))
<BR>[Address Reference Count : 1]<UL><LI> lwip_prvmib.o(.data)
</UL>
<P><STRONG><a name="[24]"></a>sensorentry_set_test_a</STRONG> (Thumb, 8 bytes, Stack size 8 bytes, lwip_prvmib.o(i.sensorentry_set_test_a))
<BR><BR>[Stack]<UL><LI>Max Depth = 8<LI>Call Chain = sensorentry_set_test_a
</UL>
<BR>[Address Reference Count : 1]<UL><LI> lwip_prvmib.o(.data)
</UL>
<P><STRONG><a name="[28]"></a>sensorentry_set_test_pc</STRONG> (Thumb, 2 bytes, Stack size 0 bytes, lwip_prvmib.o(i.sensorentry_set_test_pc))
<BR>[Address Reference Count : 1]<UL><LI> lwip_prvmib.o(.data)
</UL>
<P><STRONG><a name="[20]"></a>sensorentry_set_test_q</STRONG> (Thumb, 14 bytes, Stack size 16 bytes, lwip_prvmib.o(i.sensorentry_set_test_q))
<BR><BR>[Stack]<UL><LI>Max Depth = 912 + Unknown Stack Size
<LI>Call Chain = sensorentry_set_test_q &rArr; snmp_msg_event &rArr; snmp_msg_getnext_event &rArr; snmp_error_response &rArr; snmp_send_response &rArr; udp_send &rArr; udp_sendto &rArr; udp_sendto_if &rArr; ip_output_if &rArr; ip_frag &rArr; pbuf_alloc &rArr; pbuf_free &rArr; mem_free &rArr; sys_arch_sem_wait &rArr; xQueueGenericReceive &rArr; prvUnlockQueue &rArr; prvNotifyQueueSetContainer &rArr; prvCopyDataToQueue &rArr; xTaskPriorityDisinherit &rArr; __2printf &rArr; _printf_char_file &rArr; _printf_char_common &rArr; __printf
</UL>
<BR>[Calls]<UL><LI><a href="#[402]">&gt;&gt;</a>&nbsp;&nbsp;&nbsp;snmp_msg_event
</UL>
<BR>[Address Reference Count : 1]<UL><LI> lwip_prvmib.o(.data)
</UL>
<P><STRONG><a name="[25]"></a>sensorentry_set_value_a</STRONG> (Thumb, 26 bytes, Stack size 20 bytes, lwip_prvmib.o(i.sensorentry_set_value_a))
<BR><BR>[Stack]<UL><LI>Max Depth = 20<LI>Call Chain = sensorentry_set_value_a
</UL>
<BR>[Address Reference Count : 1]<UL><LI> lwip_prvmib.o(.data)
</UL>
<P><STRONG><a name="[29]"></a>sensorentry_set_value_pc</STRONG> (Thumb, 2 bytes, Stack size 0 bytes, lwip_prvmib.o(i.sensorentry_set_value_pc))
<BR>[Address Reference Count : 1]<UL><LI> lwip_prvmib.o(.data)
</UL>
<P><STRONG><a name="[21]"></a>sensorentry_set_value_q</STRONG> (Thumb, 22 bytes, Stack size 24 bytes, lwip_prvmib.o(i.sensorentry_set_value_q))
<BR><BR>[Stack]<UL><LI>Max Depth = 920 + Unknown Stack Size
<LI>Call Chain = sensorentry_set_value_q &rArr; snmp_msg_event &rArr; snmp_msg_getnext_event &rArr; snmp_error_response &rArr; snmp_send_response &rArr; udp_send &rArr; udp_sendto &rArr; udp_sendto_if &rArr; ip_output_if &rArr; ip_frag &rArr; pbuf_alloc &rArr; pbuf_free &rArr; mem_free &rArr; sys_arch_sem_wait &rArr; xQueueGenericReceive &rArr; prvUnlockQueue &rArr; prvNotifyQueueSetContainer &rArr; prvCopyDataToQueue &rArr; xTaskPriorityDisinherit &rArr; __2printf &rArr; _printf_char_file &rArr; _printf_char_common &rArr; __printf
</UL>
<BR>[Calls]<UL><LI><a href="#[402]">&gt;&gt;</a>&nbsp;&nbsp;&nbsp;snmp_msg_event
</UL>
<BR>[Address Reference Count : 1]<UL><LI> lwip_prvmib.o(.data)
</UL>
<P><STRONG><a name="[4c3]"></a>_fadd1</STRONG> (Thumb, 0 bytes, Stack size unknown bytes, faddsub_clz.o(x$fpl$fadd), UNUSED)
<BR><BR>[Called By]<UL><LI><a href="#[4c4]">&gt;&gt;</a>&nbsp;&nbsp;&nbsp;_fsub
<LI><a href="#[4c2]">&gt;&gt;</a>&nbsp;&nbsp;&nbsp;_frsb
</UL>

<P><STRONG><a name="[4b8]"></a>_fsub1</STRONG> (Thumb, 0 bytes, Stack size unknown bytes, faddsub_clz.o(x$fpl$fsub), UNUSED)
<BR><BR>[Called By]<UL><LI><a href="#[4c2]">&gt;&gt;</a>&nbsp;&nbsp;&nbsp;_frsb
<LI><a href="#[4b7]">&gt;&gt;</a>&nbsp;&nbsp;&nbsp;_fadd
</UL>

<P><STRONG><a name="[122]"></a>_fp_digits</STRONG> (Thumb, 428 bytes, Stack size 96 bytes, _printf_fp_dec.o(.text))
<BR><BR>[Stack]<UL><LI>Max Depth = 216<LI>Call Chain = _fp_digits &rArr; _btod_etento &rArr; _btod_emul &rArr; _e2e
</UL>
<BR>[Calls]<UL><LI><a href="#[126]">&gt;&gt;</a>&nbsp;&nbsp;&nbsp;_btod_emul
<LI><a href="#[125]">&gt;&gt;</a>&nbsp;&nbsp;&nbsp;_btod_ediv
<LI><a href="#[124]">&gt;&gt;</a>&nbsp;&nbsp;&nbsp;_btod_d2e
<LI><a href="#[123]">&gt;&gt;</a>&nbsp;&nbsp;&nbsp;_btod_etento
<LI><a href="#[127]">&gt;&gt;</a>&nbsp;&nbsp;&nbsp;_ll_udiv10
</UL>
<BR>[Called By]<UL><LI><a href="#[128]">&gt;&gt;</a>&nbsp;&nbsp;&nbsp;_printf_fp_dec_real
</UL>

<P><STRONG><a name="[75]"></a>_printf_input_char</STRONG> (Thumb, 10 bytes, Stack size 0 bytes, _printf_char_common.o(.text))
<BR>[Address Reference Count : 1]<UL><LI> _printf_char_common.o(.text)
</UL><P>
<H3>
Undefined Global Symbols
</H3><HR></body></html>
